[2023-10-01 17:32:37.545] [DISPLAY] [Main ] [sysinfo] OS Version: Major: 10 Minor: 0 Build: 19045 Service Pack: 
[2023-10-01 17:32:37.629] [DISPLAY] [Main ] [sysinfo] OS Version: Major: 10 Minor: 0 Build: 19045 Service Pack: 
[2023-10-01 17:32:37.651] [DISPLAY] [Main ] [main] Working directory: C:\Program Files\Rockstar Games\Launcher
[2023-10-01 17:32:37.745] [DISPLAY] [Main ] [minmode] Running in Steam mode
[2023-10-01 17:32:37.745] [DISPLAY] [Main ] [minmode] Steam App Id: 271590
[2023-10-01 17:32:37.745] [DISPLAY] [Main ] [minmode] Title Id: gta5
[2023-10-01 17:32:37.745] [DISPLAY] [Main ] [minmode] Location: D:\SteamLibrary\steamapps\common\Grand Theft Auto V
[2023-10-01 17:32:37.746] [DISPLAY] [Main ] [launcher] Opening log file.
[2023-10-01 17:32:37.779] [DISPLAY] [Main ] [main] Command line: "C:\Program Files\Rockstar Games\Launcher\Launcher.exe" -skipPatcherCheck -steamAppId=271590 @args.txt
[2023-10-01 17:32:37.779] [DISPLAY] [Main ] [main] Build type: FMB
[2023-10-01 17:32:37.779] [DISPLAY] [Main ] [main] Version: 1.0.78.1620
[2023-10-01 17:32:37.779] [DISPLAY] [Main ] [main] Parameters:
[2023-10-01 17:32:37.779] [DISPLAY] [Main ] [main]     C:\Program Files\Rockstar Games\Launcher\Launcher.exe
[2023-10-01 17:32:37.779] [DISPLAY] [Main ] [main]     -skipPatcherCheck
[2023-10-01 17:32:37.779] [DISPLAY] [Main ] [main]     -steamAppId=271590
[2023-10-01 17:32:37.779] [DISPLAY] [Main ] [main]     @args.txt
[2023-10-01 17:32:37.878] [DISPLAY] [Main ] [titlemanager] Installed titles:
[2023-10-01 17:32:37.878] [DISPLAY] [Main ] [titlemanager]  Title                             Progress               Version              Location                                                    
[2023-10-01 17:32:38.471] [DISPLAY] [Main ] [svc] Service version: 1.0.78.1620 (1.0.78.1620)
[2023-10-01 17:32:39.310] [DISPLAY] [Main ] [fileutils] Version: 2.2.0.6 | 1.0.78.1620 | FFP
[2023-10-01 17:32:39.446] [DISPLAY] [Workr] [selfupdate] Up-to-date.
[2023-10-01 17:32:39.817] [DISPLAY] [bgsvc] [svc] Received response from service.
[2023-10-01 17:32:40.404] [DISPLAY] [Main ] [systemtray] System tray: enabled
[2023-10-01 17:32:40.456] [DISPLAY] [Workr] [idownloader] Starting download of 'https://gamedownloads-rockstargames-com.akamaized.net/public/launcher_online_config.xml'
[2023-10-01 17:32:40.696] [DISPLAY] [Workr] [idownloader] Completed download of 'https://gamedownloads-rockstargames-com.akamaized.net/public/launcher_online_config.xml' (status: 0/200)
[2023-10-01 17:32:40.696] [DISPLAY] [Workr] [titlemanager] Downloading title list...
[2023-10-01 17:32:40.696] [DISPLAY] [Workr] [titlemanager] Skipping title metadata download as it is available and less old (51 minutes) than the refresh delay (60 minutes).
[2023-10-01 17:32:40.696] [DISPLAY] [Workr] [titlemanager] Downloading default title list (SCS)...
[2023-10-01 17:32:40.696] [DISPLAY] [Workr] [idownloader] Starting download of 'https://rgl-prod.ros.rockstargames.com/launcher/11/LauncherServices/App.asmx/GetDefaultApps?accessToken='
[2023-10-01 17:32:41.514] [DISPLAY] [Workr] [idownloader] Completed download of 'https://rgl-prod.ros.rockstargames.com/launcher/11/LauncherServices/App.asmx/GetDefaultApps?accessToken=' (status: 0/200)
[2023-10-01 17:32:41.515] [DISPLAY] [Workr] [titlemanager] Title list updated.
[2023-10-01 17:32:41.515] [DISPLAY] [Workr] [launcher] Checking for self-update...
[2023-10-01 17:32:41.525] [DISPLAY] [Workr] [statuschecker] Title Rockstar Games Launcher: No update
[2023-10-01 17:32:41.538] [DISPLAY] [Workr] [launcher] No self-update, continuing.
[2023-10-01 17:32:41.538] [DISPLAY] [Workr] [launcher] Checking for prerequisite updates...
[2023-10-01 17:32:41.604] [DISPLAY] [Workr] [preqmanager] The Social Club version available matches that currently installed (both: 2.2.0.6)
[2023-10-01 17:32:41.604] [DISPLAY] [Workr] [titleupdater] No prerequisites to install.
[2023-10-01 17:33:00.269] [DISPLAY] [Main ] [launcher] Social Club UI has started.
[2023-10-01 17:33:00.271] [DISPLAY] [Main ] [external] Notifying Social Club UI about external launch...
[2023-10-01 17:33:00.271] [DISPLAY] [Admin] [external] Setting up Steam title...
[2023-10-01 17:33:00.271] [DISPLAY] [Admin] [titlemanager] Skipping title metadata download as it is available and less old (51 minutes) than the refresh delay (60 minutes).
[2023-10-01 17:33:00.271] [DISPLAY] [Admin] [external] Ready to attempt a launch.
[2023-10-01 17:33:03.294] [DISPLAY] [Main ] [launcher] Presence Event - Signed In
[2023-10-01 17:33:03.294] [DISPLAY] [Main ] [launcher] User 'xleftx1' is now signed in
[2023-10-01 17:33:03.358] [DISPLAY] [Main ] [launcher] Presence Event :: Went Online
[2023-10-01 17:33:03.358] [DISPLAY] [Main ] [external] Preparing to update/launch...
[2023-10-01 17:33:03.359] [DISPLAY] [Admin] [titlemanager] Downloading title list...
[2023-10-01 17:33:03.359] [DISPLAY] [Admin] [titlemanager] Skipping title metadata download as it is available and less old (51 minutes) than the refresh delay (60 minutes).
[2023-10-01 17:33:03.359] [DISPLAY] [Admin] [titlemanager] Downloading title list (SCS)...
[2023-10-01 17:33:03.359] [DISPLAY] [Main ] [launcher] Time to start up: 25911 ms
[2023-10-01 17:33:03.364] [DISPLAY] [Main ] [ui_mainwindow] Using DPI 96,96
[2023-10-01 17:33:03.364] [DISPLAY] [Main ] [ui_mainwindow] Using UI Scale: 1.00
[2023-10-01 17:33:03.366] [DISPLAY] [Main ] [ui_mainwindow] Using saved geometry: 160,130 (1280 x 600)
[2023-10-01 17:33:03.387] [DISPLAY] [Main ] [systemtray] System tray: enabled
[2023-10-01 17:33:03.405] [DISPLAY] [Main ] [scuicallbacks] Enabling Downloading
[2023-10-01 17:33:03.513] [DISPLAY] [Main ] [launcher] Friend Event - Friends are Available
[2023-10-01 17:33:03.870] [DISPLAY] [Main ] [scuicallbacks] Setting updated
[2023-10-01 17:33:03.870] [DISPLAY] [Main ] [scuicallbacks] Launch requested
[2023-10-01 17:33:03.870] [DISPLAY] [Main ] [scuicallbacks] Launch requested by user: gta5, 
[2023-10-01 17:33:03.870] [DISPLAY] [Main ] [external] Attempting external title launch...
[2023-10-01 17:33:04.345] [DISPLAY] [Admin] [titlemanager] Title list updated.
[2023-10-01 17:33:04.347] [DISPLAY] [Admin] [external] Ready to attempt a launch.
[2023-10-01 17:33:04.347] [DISPLAY] [Admin] [external] Attempting Steam launch. User is 'XleftX'
[2023-10-01 17:33:07.563] [DISPLAY] [ 3580] [gamelaunch] RGL is up to date (current: 1.0.78.1620, minimum: 1.0.33.319)
[2023-10-01 17:33:07.565] [DISPLAY] [ 3580] [gamelaunch] Grand Theft Auto V is up to date (current: 1.0.2944.0, minimum: 1.0.2060.0)
[2023-10-01 17:33:10.071] [DISPLAY] [Main ] [cloudsaveop] Cloud Save sync requested for title 'gta5'
[2023-10-01 17:33:10.088] [DISPLAY] [Main ] [cloudsaveop] Starting cloud save enabled check for title 'gta5'
[2023-10-01 17:33:10.096] [DISPLAY] [Main ] [cloudsaveop] Received cloud saves enabled state for title 'gta5' = enabled
[2023-10-01 17:33:10.096] [DISPLAY] [Main ] [cloudsaveop] Identifying potential cloud save conflicts for title 'gta5'
[2023-10-01 17:33:10.888] [DISPLAY] [Main ] [cloudsaveop] Received modification list of cloud save files for title 'gta5'
[2023-10-01 17:33:10.888] [DISPLAY] [Main ] [cloudsaveop] Retrieving conflict metadata for title 'gta5'
[2023-10-01 17:33:10.905] [DISPLAY] [Main ] [cloudsaveop] Downloaded conflict metadata for title 'gta5'
[2023-10-01 17:33:10.905] [DISPLAY] [Main ] [cloudsaveop] Posting updated files for title 'gta5'
[2023-10-01 17:33:10.922] [DISPLAY] [Main ] [cloudsaveop] File uploading completed for title 'gta5'
[2023-10-01 17:33:10.922] [DISPLAY] [Main ] [cloudsaveop] Getting update files for title 'gta5'
[2023-10-01 17:33:10.939] [DISPLAY] [Main ] [cloudsaveop] File downloading completed for title 'gta5'
[2023-10-01 17:33:10.939] [DISPLAY] [Main ] [cloudsaveop] Deleting updated files for title 'gta5'
[2023-10-01 17:33:10.956] [DISPLAY] [Main ] [cloudsaveop] Files deletion completed for title 'gta5'
[2023-10-01 17:33:10.956] [DISPLAY] [Main ] [cloudsaveop] Swapping updated files in place for title 'gta5'
[2023-10-01 17:33:10.974] [DISPLAY] [Main ] [cloudsaveop] Finished syncing cloud saves for title 'gta5'
[2023-10-01 17:33:11.022] [DISPLAY] [net3 ] [audio] Valid Audio Device: true
[2023-10-01 17:33:12.158] [DISPLAY] [ 3580] [gamelaunch] Launching game...
[2023-10-01 17:33:12.158] [DISPLAY] [ 3580] [gamelaunch]  Path: D:\SteamLibrary\steamapps\common\Grand Theft Auto V\GTA5.exe
[2023-10-01 17:33:12.158] [DISPLAY] [ 3580] [gamelaunch]  Command Line: "D:\SteamLibrary\steamapps\common\Grand Theft Auto V\GTA5.exe" -skipPatcherCheck @args.txt @commandline.txt -enableCrashpad -useSteam -steamAppId=271590 -scCommerceProvider=4
[2023-10-01 17:33:12.158] [DISPLAY] [ 3580] [gamelaunch]  Working Directory: D:\SteamLibrary\steamapps\common\Grand Theft Auto V
[2023-10-01 17:40:13.043] [DISPLAY] [ 3580] [gamelaunch] Game exited with code 0xc0000005 (3221225477)
[2023-10-01 17:40:13.043] [DISPLAY] [ 3580] [crashdetection] Game left no exit file.
[2023-10-01 17:40:13.043] [ ERROR ] [ 3580] [crashdetection] Exit code 0xc0000005 indicates a fatal game exit (reason: STATUS_ACCESS_VIOLATION)
[2023-10-01 17:40:13.074] [DISPLAY] [Main ] [cloudsaveop] Cloud Save sync requested for title 'gta5'
[2023-10-01 17:40:13.092] [DISPLAY] [Main ] [cloudsaveop] Starting cloud save enabled check for title 'gta5'
[2023-10-01 17:40:13.094] [DISPLAY] [Main ] [cloudsaveop] Received cloud saves enabled state for title 'gta5' = enabled
[2023-10-01 17:40:13.094] [DISPLAY] [Main ] [cloudsaveop] Identifying potential cloud save conflicts for title 'gta5'
[2023-10-01 17:40:13.853] [DISPLAY] [Main ] [cloudsaveop] Received modification list of cloud save files for title 'gta5'
[2023-10-01 17:40:13.853] [DISPLAY] [Main ] [cloudsaveop] Retrieving conflict metadata for title 'gta5'
[2023-10-01 17:40:13.870] [DISPLAY] [Main ] [cloudsaveop] Downloaded conflict metadata for title 'gta5'
[2023-10-01 17:40:13.870] [DISPLAY] [Main ] [cloudsaveop] Posting updated files for title 'gta5'
[2023-10-01 17:40:13.887] [DISPLAY] [Main ] [cloudsaveop] File uploading completed for title 'gta5'
[2023-10-01 17:40:13.887] [DISPLAY] [Main ] [cloudsaveop] Getting update files for title 'gta5'
[2023-10-01 17:40:13.904] [DISPLAY] [Main ] [cloudsaveop] File downloading completed for title 'gta5'
[2023-10-01 17:40:13.904] [DISPLAY] [Main ] [cloudsaveop] Deleting updated files for title 'gta5'
[2023-10-01 17:40:13.921] [DISPLAY] [Main ] [cloudsaveop] Files deletion completed for title 'gta5'
[2023-10-01 17:40:13.921] [DISPLAY] [Main ] [cloudsaveop] Swapping updated files in place for title 'gta5'
[2023-10-01 17:40:13.939] [DISPLAY] [Main ] [cloudsaveop] Finished syncing cloud saves for title 'gta5'
[2023-10-01 17:40:14.771] [DISPLAY] [ 3580] [launcher] Shutdown requested! Forced: false
[2023-10-01 17:40:14.773] [DISPLAY] [Main ] [launcher] StartShutdown - Now in progress
[2023-10-01 17:40:15.796] [DISPLAY] [Main ] [app] Application quit requested (exit code: 0)
[2023-10-01 17:40:15.846] [DISPLAY] [Main ] [svc] Stopping the background service.
