[2024-04-24 21:33:32.568] [DISPLAY] [Main ] [main] Working directory: C:\Program Files\Rockstar Games\Launcher
[2024-04-24 21:33:32.598] [DISPLAY] [Main ] [minmode] Running in Steam mode
[2024-04-24 21:33:32.598] [DISPLAY] [Main ] [minmode] Steam App Id: 271590
[2024-04-24 21:33:32.598] [DISPLAY] [Main ] [minmode] Title Id: 
[2024-04-24 21:33:32.598] [DISPLAY] [Main ] [minmode] Location: D:\SteamLibrary\steamapps\common\Grand Theft Auto V
[2024-04-24 21:33:32.600] [DISPLAY] [Main ] [launcher] Opening log file.
[2024-04-24 21:33:32.610] [DISPLAY] [Main ] [main] Command line: "C:\Program Files\Rockstar Games\Launcher\Launcher.exe" -skipPatcherCheck -steamAppId=271590 -steamLocation "D:\SteamLibrary\steamapps\common\Grand Theft Auto V" @args.txt
[2024-04-24 21:33:32.610] [DISPLAY] [Main ] [main] P4 Version: 
[2024-04-24 21:33:32.610] [DISPLAY] [Main ] [main] RGL Branch: release_03
[2024-04-24 21:33:32.615] [DISPLAY] [Main ] [main] Version: 1.0.88.1929
[2024-04-24 21:33:32.615] [DISPLAY] [Main ] [main] Parameters:
[2024-04-24 21:33:32.615] [DISPLAY] [Main ] [main]     C:\Program Files\Rockstar Games\Launcher\Launcher.exe
[2024-04-24 21:33:32.615] [DISPLAY] [Main ] [main]     -skipPatcherCheck
[2024-04-24 21:33:32.615] [DISPLAY] [Main ] [main]     -steamAppId=271590
[2024-04-24 21:33:32.615] [DISPLAY] [Main ] [main]     -steamLocation
[2024-04-24 21:33:32.615] [DISPLAY] [Main ] [main]     D:\SteamLibrary\steamapps\common\Grand Theft Auto V
[2024-04-24 21:33:32.615] [DISPLAY] [Main ] [main]     @args.txt
[2024-04-24 21:33:32.642] [DISPLAY] [Main ] [titlemanager] Installed titles:
[2024-04-24 21:33:32.642] [DISPLAY] [Main ] [titlemanager]  Title                             Progress               Version              Location                                                    
[2024-04-24 21:33:32.668] [DISPLAY] [Main ] [svc] Service version: 1.0.88.1929 (1.0.88.1929)
[2024-04-24 21:33:33.034] [DISPLAY] [Main ] [fileutils] Version: 2.3.0.7 | 1.0.88.1929 | FFP
[2024-04-24 21:33:33.105] [DISPLAY] [Workr] [selfupdate] Self-update not ready to apply yet.
[2024-04-24 21:33:33.770] [DISPLAY] [bgsvc] [svc] Received response from service.
[2024-04-24 21:33:34.318] [DISPLAY] [Main ] [systemtray] System tray: enabled
[2024-04-24 21:33:34.348] [DISPLAY] [Main ] [launcher] Passed check: majorVersion(10.0.19045) >= 10
[2024-04-24 21:33:34.392] [DISPLAY] [Workr] [idownloader] Starting download of 'https://gamedownloads-rockstargames-com.akamaized.net/public/launcher_online_config.xml'
[2024-04-24 21:33:34.630] [DISPLAY] [Workr] [idownloader] Completed download of 'https://gamedownloads-rockstargames-com.akamaized.net/public/launcher_online_config.xml' (status: 0/200)
[2024-04-24 21:33:34.631] [DISPLAY] [Workr] [titlemanager] Downloading title list...
[2024-04-24 21:33:34.631] [DISPLAY] [Workr] [titlemanager] Downloading default title list (SCS)...
[2024-04-24 21:33:34.631] [DISPLAY] [Workr] [idownloader] Starting download of 'https://rgl-prod.ros.rockstargames.com/launcher/11/LauncherServices/App.asmx/GetDefaultApps?accessToken='
[2024-04-24 21:33:35.437] [DISPLAY] [Workr] [idownloader] Completed download of 'https://rgl-prod.ros.rockstargames.com/launcher/11/LauncherServices/App.asmx/GetDefaultApps?accessToken=' (status: 0/200)
[2024-04-24 21:33:35.438] [DISPLAY] [Workr] [titlemanager] Title list updated.
[2024-04-24 21:33:35.438] [DISPLAY] [Workr] [launcher] Checking for self-update...
[2024-04-24 21:33:35.473] [DISPLAY] [Workr] [statuschecker] Title Rockstar Games Launcher: 184.37 MB / 264.37 MB
[2024-04-24 21:33:35.473] [DISPLAY] [Workr] [selfupdate] Updating launcher...
[2024-04-24 21:33:35.542] [DISPLAY] [Admin] [idownloader] Starting download of 'https://rgl-prod.ros.rockstargames.com/launcher/11/LauncherServices/App.asmx/RetrieveFileChunkNoAuthMulti'
[2024-04-24 21:33:36.336] [DISPLAY] [Admin] [idownloader] Completed download of 'https://rgl-prod.ros.rockstargames.com/launcher/11/LauncherServices/App.asmx/RetrieveFileChunkNoAuthMulti' (status: 0/200)
[2024-04-24 21:33:36.358] [WARNING] [http4] [chunk] Some data for this chunk was downloaded already, but it's not at the start of a resumable range!  Chunk offset: 104857600  Data offset: 146800640
[2024-04-24 21:33:36.358] [WARNING] [http8] [chunk] Some data for this chunk was downloaded already, but it's not at the start of a resumable range!  Chunk offset: 0  Data offset: 41943040
[2024-04-24 21:33:37.708] [WARNING] [bgsvc] [chunkreceiver] Range failed to write to disk! C:\Program Files\Rockstar Games\Launcher\Redistributables\SocialClub\Social-Club-Setup.exe.swap, offset 125829120 length 10485760 chunk 30574
[2024-04-24 21:33:37.708] [WARNING] [bgsvc] [chunkreceiver] Chunk 30574 (transaction 17) failed to write
[2024-04-24 21:33:37.718] [WARNING] [Workr] [chunkeddownloader] 1 chunk(s) failed to write.  There are now 0 errored chunks.
[2024-04-24 21:33:37.736] [WARNING] [bgsvc] [chunkreceiver] Range failed to write to disk! C:\Program Files\Rockstar Games\Launcher\Redistributables\SocialClub\Social-Club-Setup.exe.swap, offset 20971520 length 10485760 chunk 30573
[2024-04-24 21:33:37.736] [WARNING] [bgsvc] [chunkreceiver] Chunk 30573 (transaction 18) failed to write
[2024-04-24 21:33:37.752] [WARNING] [Workr] [chunkeddownloader] 1 chunk(s) failed to write.  There are now 0 errored chunks.
[2024-04-24 21:33:38.034] [WARNING] [bgsvc] [chunkreceiver] Range failed to write to disk! C:\Program Files\Rockstar Games\Launcher\Redistributables\SocialClub\Social-Club-Setup.exe.swap, offset 136314880 length 10485760 chunk 30574
[2024-04-24 21:33:38.034] [WARNING] [bgsvc] [chunkreceiver] Chunk 30574 (transaction 19) failed to write
[2024-04-24 21:33:38.041] [WARNING] [Workr] [chunkeddownloader] 1 chunk(s) failed to write.  There are now 0 errored chunks.
[2024-04-24 21:33:38.058] [WARNING] [bgsvc] [chunkreceiver] Range failed to write to disk! C:\Program Files\Rockstar Games\Launcher\Redistributables\SocialClub\Social-Club-Setup.exe.swap, offset 31457280 length 10485760 chunk 30573
[2024-04-24 21:33:38.058] [WARNING] [bgsvc] [chunkreceiver] Chunk 30573 (transaction 20) failed to write
[2024-04-24 21:33:38.058] [WARNING] [Workr] [chunkeddownloader] 1 chunk(s) failed to write.  There are now 0 errored chunks.
[2024-04-24 21:33:38.330] [WARNING] [Workr] [chunkeddownloader] Removing errored chunk 30574 (Social-Club-Setup.exe.swap 104857600). There are now 1 errored chunks.
[2024-04-24 21:33:40.098] [WARNING] [Workr] [chunkeddownloader] Removing errored chunk 30573 (Social-Club-Setup.exe.swap 0). There are now 2 errored chunks.
[2024-04-24 21:33:43.103] [DISPLAY] [Workr] [chunkeddownloader] Attempting to retry chunks that failed to download (1 / 5, 147.58 MB)...
[2024-04-24 21:33:46.457] [DISPLAY] [Workr] [downloadprogress] Dl: D|267544544|10|4|0|0
[2024-04-24 21:33:46.494] [ ERROR ] [Workr] [titleupdater] Update of Rockstar Games Launcher failed.
[2024-04-24 21:33:46.495] [ ERROR ] [Workr] [error] ************************************************************************
[2024-04-24 21:33:46.495] [ ERROR ] [Workr] [error] * Setting error condition
[2024-04-24 21:33:46.495] [ ERROR ] [Workr] [error] * Category:  1   (ERROR_CATEGORY_LAUNCHER)
[2024-04-24 21:33:46.495] [ ERROR ] [Workr] [error] * Code:      129 (0x81)
[2024-04-24 21:33:46.495] [ ERROR ] [Workr] [error] * Extra:     unknown
[2024-04-24 21:33:46.495] [ ERROR ] [Workr] [error] * Localised: Error al actualizar Rockstar Games Launcher (code unknown). Si continúas viendo este mensaje, contacta al servicio de soporte al cliente de Rockstar Games en https://support.rockstargames.com/mx/.
[2024-04-24 21:33:46.495] [ ERROR ] [Workr] [error] ************************************************************************
[2024-04-24 21:33:46.495] [ ERROR ] [Workr] [launcher] Displaying error message: Error al actualizar Rockstar Games Launcher (code unknown). Si continúas viendo este mensaje, contacta al servicio de soporte al cliente de Rockstar Games en https://support.rockstargames.com/mx/.
[2024-04-24 21:33:48.528] [DISPLAY] [Workr] [launcher] No self-update, continuing.
[2024-04-24 21:33:48.528] [DISPLAY] [Workr] [launcher] Checking for prerequisite updates...
[2024-04-24 21:33:48.532] [DISPLAY] [Workr] [fileutils] Unable to get file version info size for C:\Program Files\Rockstar Games\Launcher\Redistributables\SocialClub\Social-Club-Setup.exe
[2024-04-24 21:33:48.532] [ ERROR ] [Workr] [sctitle] Unable to get Social Club installer version from C:\Program Files\Rockstar Games\Launcher\Redistributables\SocialClub\Social-Club-Setup.exe
[2024-04-24 21:33:48.532] [DISPLAY] [Workr] [titleupdater] Installing prerequisites for title launcher
[2024-04-24 21:33:48.532] [WARNING] [Workr] [preqmanager] Prerequisite not found: C:\Program Files\Rockstar Games\Launcher\Redistributables\SocialClub\Social-Club-Setup.exe
[2024-04-24 21:33:48.633] [ ERROR ] [Workr] [launcher] Unable to install prerequisites!
[2024-04-24 21:33:48.633] [DISPLAY] [Workr] [launcher] Checking minimum SDK requirement
[2024-04-24 21:33:48.665] [DISPLAY] [Workr] [launcher] Completed Social Club Pre-initialization tasks
[2024-04-24 21:33:51.614] [DISPLAY] [Main ] [launcher] Social Club UI has started.
[2024-04-24 21:33:51.617] [DISPLAY] [Main ] [external] Notifying Social Club UI about external launch...
[2024-04-24 21:33:51.618] [DISPLAY] [Admin] [external] Setting up Steam title...
[2024-04-24 21:33:51.622] [DISPLAY] [Admin] [metadatamanager] Read external Steam metadata: gta5
[2024-04-24 21:33:51.622] [DISPLAY] [Admin] [external] Ready to attempt a launch.
[2024-04-24 21:33:54.148] [DISPLAY] [Main ] [launcher] Time to start up: 21611 ms
[2024-04-24 21:33:54.166] [DISPLAY] [Main ] [ui_mainwindow] Using DPI 96,96
[2024-04-24 21:33:54.166] [DISPLAY] [Main ] [ui_mainwindow] Using UI Scale: 1.00
[2024-04-24 21:33:54.169] [DISPLAY] [Main ] [ui_mainwindow] Using saved geometry: 160,130 (1280 x 600)
[2024-04-24 21:33:54.204] [DISPLAY] [Main ] [systemtray] System tray: enabled
[2024-04-24 21:37:11.255] [DISPLAY] [Main ] [launcher] Presence Event - Signed In
[2024-04-24 21:37:11.255] [DISPLAY] [Main ] [launcher] User 'xleftx1' is now signed in
[2024-04-24 21:37:11.280] [DISPLAY] [Main ] [launcher] Presence Event :: Went Online
[2024-04-24 21:37:11.280] [DISPLAY] [Main ] [external] Preparing to update/launch...
[2024-04-24 21:37:11.280] [DISPLAY] [Admin] [titlemanager] Downloading title list...
[2024-04-24 21:37:11.280] [DISPLAY] [Admin] [titlemanager] Downloading title list (SCS)...
[2024-04-24 21:37:11.311] [DISPLAY] [Main ] [scuicallbacks] Enabling Downloading
[2024-04-24 21:37:11.340] [DISPLAY] [Main ] [launcher] Friend Event - Friends are Available
[2024-04-24 21:37:11.816] [DISPLAY] [Main ] [scuicallbacks] Setting updated
[2024-04-24 21:37:11.816] [DISPLAY] [Main ] [scuicallbacks] Launch requested
[2024-04-24 21:37:11.816] [DISPLAY] [Main ] [scuicallbacks] Launch requested by user: gta5, 
[2024-04-24 21:37:11.816] [DISPLAY] [Main ] [external] Attempting external title launch...
[2024-04-24 21:37:12.220] [DISPLAY] [Admin] [titlemanager] Title list updated.
[2024-04-24 21:37:12.221] [DISPLAY] [Admin] [external] Ready to attempt a launch.
[2024-04-24 21:37:12.221] [DISPLAY] [Admin] [external] Attempting Steam launch. User is 'XleftX'
[2024-04-24 21:37:14.705] [DISPLAY] [14688] [gamelaunch] RGL is up to date (current: 1.0.88.1929, minimum: 1.0.26.268)
[2024-04-24 21:37:14.707] [DISPLAY] [14688] [gamelaunch] Grand Theft Auto V is up to date (current: 1.0.3179.0, minimum: 1.0.1868.0)
[2024-04-24 21:37:17.682] [DISPLAY] [Main ] [cloudsaveop] Cloud Save sync requested for title 'gta5'
[2024-04-24 21:37:17.699] [DISPLAY] [Main ] [cloudsaveop] Starting cloud save enabled check for title 'gta5'
[2024-04-24 21:37:17.701] [DISPLAY] [Main ] [cloudsaveop] Received cloud saves enabled state for title 'gta5' = enabled
[2024-04-24 21:37:17.701] [DISPLAY] [Main ] [cloudsaveop] Identifying potential cloud save conflicts for title 'gta5'
[2024-04-24 21:37:18.515] [DISPLAY] [Main ] [cloudsaveop] Received modification list of cloud save files for title 'gta5'
[2024-04-24 21:37:18.515] [DISPLAY] [Main ] [cloudsaveop] Retrieving conflict metadata for title 'gta5'
[2024-04-24 21:37:18.532] [DISPLAY] [Main ] [cloudsaveop] Downloaded conflict metadata for title 'gta5'
[2024-04-24 21:37:18.532] [DISPLAY] [Main ] [cloudsaveop] Posting updated files for title 'gta5'
[2024-04-24 21:37:18.549] [DISPLAY] [Main ] [cloudsaveop] File uploading completed for title 'gta5'
[2024-04-24 21:37:18.549] [DISPLAY] [Main ] [cloudsaveop] Getting update files for title 'gta5'
[2024-04-24 21:37:18.566] [DISPLAY] [Main ] [cloudsaveop] File downloading completed for title 'gta5'
[2024-04-24 21:37:18.566] [DISPLAY] [Main ] [cloudsaveop] Deleting updated files for title 'gta5'
[2024-04-24 21:37:18.583] [DISPLAY] [Main ] [cloudsaveop] Files deletion completed for title 'gta5'
[2024-04-24 21:37:18.583] [DISPLAY] [Main ] [cloudsaveop] Swapping updated files in place for title 'gta5'
[2024-04-24 21:37:18.601] [DISPLAY] [Main ] [cloudsaveop] Finished syncing cloud saves for title 'gta5'
[2024-04-24 21:37:18.714] [DISPLAY] [net1 ] [audio] Valid Audio Device: true
[2024-04-24 21:37:19.837] [DISPLAY] [14688] [gamelaunch] Launching game...
[2024-04-24 21:37:19.837] [DISPLAY] [14688] [gamelaunch]  Path: D:\SteamLibrary\steamapps\common\Grand Theft Auto V\GTA5.exe
[2024-04-24 21:37:19.837] [DISPLAY] [14688] [gamelaunch]  Command Line: "D:\SteamLibrary\steamapps\common\Grand Theft Auto V\GTA5.exe" -skipPatcherCheck -steamLocation "D:\SteamLibrary\steamapps\common\Grand Theft Auto V" @args.txt @commandline.txt -enableCrashpad -useSteam -steamAppId=271590 -scCommerceProvider=4
[2024-04-24 21:37:19.837] [DISPLAY] [14688] [gamelaunch]  Working Directory: D:\SteamLibrary\steamapps\common\Grand Theft Auto V
[2024-04-24 21:40:48.381] [DISPLAY] [Main ] [sysinfo] OS Version: Major: 10 Minor: 0 Build: 19045 Service Pack: 
[2024-04-24 21:40:48.388] [DISPLAY] [Main ] [sysinfo] Drive C:\ has 22.38 GB free, 222.95 GB total
[2024-04-24 21:40:48.388] [DISPLAY] [Main ] [sysinfo] Drive D:\ has 23.11 GB free, 465.76 GB total
[2024-04-24 21:40:48.500] [DISPLAY] [Main ] [sysinfo] Drive C:\ has 22.38 GB free, 222.95 GB total
[2024-04-24 21:40:48.500] [DISPLAY] [Main ] [sysinfo] Drive D:\ has 23.11 GB free, 465.76 GB total
[2024-04-24 22:33:34.672] [DISPLAY] [Admin] [idownloader] Starting download of 'https://gamedownloads-rockstargames-com.akamaized.net/public/launcher_online_config.xml'
[2024-04-24 22:33:35.231] [DISPLAY] [Admin] [idownloader] Completed download of 'https://gamedownloads-rockstargames-com.akamaized.net/public/launcher_online_config.xml' (status: 0/200)
[2024-04-24 22:34:22.833] [DISPLAY] [14688] [gamelaunch] Game exited with code 0x0 (0)
[2024-04-24 22:34:22.833] [DISPLAY] [14688] [crashdetection] Game left no exit file.
[2024-04-24 22:34:22.833] [DISPLAY] [14688] [crashdetection] Exit code 0x0 indicates a clean game shutdown
[2024-04-24 22:34:22.916] [DISPLAY] [Main ] [cloudsaveop] Cloud Save sync requested for title 'gta5'
[2024-04-24 22:34:22.933] [DISPLAY] [Main ] [cloudsaveop] Starting cloud save enabled check for title 'gta5'
[2024-04-24 22:34:22.936] [DISPLAY] [Main ] [cloudsaveop] Received cloud saves enabled state for title 'gta5' = enabled
[2024-04-24 22:34:22.936] [DISPLAY] [Main ] [cloudsaveop] Title access token was missing or expired, refreshing access for title 'gta5'
[2024-04-24 22:34:22.936] [DISPLAY] [Main ] [cloudsaveop] Retrieving access token for title 'gta5' (11)
[2024-04-24 22:34:23.783] [DISPLAY] [Main ] [cloudsaveop] Identifying potential cloud save conflicts for title 'gta5'
[2024-04-24 22:34:24.978] [DISPLAY] [Main ] [cloudsaveop] Received modification list of cloud save files for title 'gta5'
[2024-04-24 22:34:24.978] [DISPLAY] [Main ] [cloudsaveop] Retrieving conflict metadata for title 'gta5'
[2024-04-24 22:34:24.995] [DISPLAY] [Main ] [cloudsaveop] Downloaded conflict metadata for title 'gta5'
[2024-04-24 22:34:24.995] [DISPLAY] [Main ] [cloudsaveop] Posting updated files for title 'gta5'
[2024-04-24 22:34:25.012] [DISPLAY] [Main ] [cloudsaveop] File uploading completed for title 'gta5'
[2024-04-24 22:34:25.012] [DISPLAY] [Main ] [cloudsaveop] Getting update files for title 'gta5'
[2024-04-24 22:34:25.029] [DISPLAY] [Main ] [cloudsaveop] File downloading completed for title 'gta5'
[2024-04-24 22:34:25.029] [DISPLAY] [Main ] [cloudsaveop] Deleting updated files for title 'gta5'
[2024-04-24 22:34:25.046] [DISPLAY] [Main ] [cloudsaveop] Files deletion completed for title 'gta5'
[2024-04-24 22:34:25.046] [DISPLAY] [Main ] [cloudsaveop] Swapping updated files in place for title 'gta5'
[2024-04-24 22:34:25.064] [DISPLAY] [Main ] [cloudsaveop] Finished syncing cloud saves for title 'gta5'
[2024-04-24 22:34:25.897] [DISPLAY] [14688] [launcher] Shutdown requested! Forced: false
[2024-04-24 22:34:25.900] [DISPLAY] [Main ] [launcher] StartShutdown - Now in progress
[2024-04-24 22:34:26.936] [DISPLAY] [Main ] [app] Application quit requested (exit code: 0)
[2024-04-24 22:34:27.031] [DISPLAY] [Main ] [svc] Stopping the background service.
