[2023-12-09 12:52:17.556] [DISPLAY] [Main ] [sysinfo] OS Version: Major: 10 Minor: 0 Build: 19045 Service Pack: 
[2023-12-09 12:52:17.625] [DISPLAY] [Main ] [sysinfo] OS Version: Major: 10 Minor: 0 Build: 19045 Service Pack: 
[2023-12-09 12:52:17.640] [DISPLAY] [Main ] [main] Working directory: C:\Program Files\Rockstar Games\Launcher
[2023-12-09 12:52:17.673] [DISPLAY] [Main ] [minmode] Running in Steam mode
[2023-12-09 12:52:17.673] [DISPLAY] [Main ] [minmode] Steam App Id: 271590
[2023-12-09 12:52:17.673] [DISPLAY] [Main ] [minmode] Title Id: gta5
[2023-12-09 12:52:17.673] [DISPLAY] [Main ] [minmode] Location: D:\SteamLibrary\steamapps\common\Grand Theft Auto V
[2023-12-09 12:52:17.673] [DISPLAY] [Main ] [launcher] Opening log file.
[2023-12-09 12:52:17.686] [DISPLAY] [Main ] [main] Command line: "C:\Program Files\Rockstar Games\Launcher\Launcher.exe" -skipPatcherCheck -steamAppId=271590 @args.txt
[2023-12-09 12:52:17.686] [DISPLAY] [Main ] [main] Build type: FMB
[2023-12-09 12:52:17.686] [DISPLAY] [Main ] [main] Version: 1.0.78.1620
[2023-12-09 12:52:17.686] [DISPLAY] [Main ] [main] Parameters:
[2023-12-09 12:52:17.686] [DISPLAY] [Main ] [main]     C:\Program Files\Rockstar Games\Launcher\Launcher.exe
[2023-12-09 12:52:17.686] [DISPLAY] [Main ] [main]     -skipPatcherCheck
[2023-12-09 12:52:17.686] [DISPLAY] [Main ] [main]     -steamAppId=271590
[2023-12-09 12:52:17.686] [DISPLAY] [Main ] [main]     @args.txt
[2023-12-09 12:52:17.742] [DISPLAY] [Main ] [titlemanager] Installed titles:
[2023-12-09 12:52:17.742] [DISPLAY] [Main ] [titlemanager]  Title                             Progress               Version              Location                                                    
[2023-12-09 12:52:18.125] [DISPLAY] [Main ] [svc] Service version: 1.0.78.1620 (1.0.78.1620)
[2023-12-09 12:52:18.657] [DISPLAY] [Main ] [fileutils] Version: 2.2.0.6 | 1.0.78.1620 | FFP
[2023-12-09 12:52:18.729] [DISPLAY] [Workr] [selfupdate] Up-to-date.
[2023-12-09 12:52:18.956] [DISPLAY] [bgsvc] [svc] Received response from service.
[2023-12-09 12:52:18.972] [DISPLAY] [Main ] [systemtray] System tray: enabled
[2023-12-09 12:52:19.036] [DISPLAY] [Workr] [idownloader] Starting download of 'https://gamedownloads-rockstargames-com.akamaized.net/public/launcher_online_config.xml'
[2023-12-09 12:52:19.229] [DISPLAY] [Workr] [idownloader] Completed download of 'https://gamedownloads-rockstargames-com.akamaized.net/public/launcher_online_config.xml' (status: 0/200)
[2023-12-09 12:52:19.229] [DISPLAY] [Workr] [titlemanager] Downloading title list...
[2023-12-09 12:52:19.253] [DISPLAY] [Workr] [idownloader] Starting download of 'https://gamedownloads-rockstargames-com.akamaized.net/public/title_metadata.json'
[2023-12-09 12:52:19.401] [DISPLAY] [Workr] [idownloader] Completed download of 'https://gamedownloads-rockstargames-com.akamaized.net/public/title_metadata.json' (status: 0/200)
[2023-12-09 12:52:19.492] [DISPLAY] [Workr] [titlemanager] Downloading default title list (SCS)...
[2023-12-09 12:52:19.492] [DISPLAY] [Workr] [idownloader] Starting download of 'https://rgl-prod.ros.rockstargames.com/launcher/11/LauncherServices/App.asmx/GetDefaultApps?accessToken='
[2023-12-09 12:52:20.268] [DISPLAY] [Workr] [idownloader] Completed download of 'https://rgl-prod.ros.rockstargames.com/launcher/11/LauncherServices/App.asmx/GetDefaultApps?accessToken=' (status: 0/200)
[2023-12-09 12:52:20.268] [DISPLAY] [Workr] [titlemanager] Title list updated.
[2023-12-09 12:52:20.268] [DISPLAY] [Workr] [launcher] Checking for self-update...
[2023-12-09 12:52:20.281] [DISPLAY] [Workr] [idownloader] Starting download of 'https://rgl-prod.ros.rockstargames.com/launcher/11/LauncherServices/App.asmx/GetBuildManifestFullNoAuth?branchAccessToken=BRANCHACCESS token="pbMmrYuxRFJy/uJwKVhwvDReAFOX6COFeAqdS/YEyN3x7wgUmsf5tv3seCBgD4MqUFu7tshT0iXiq03Ia/FJRA==",signature="AKsUYVL8HidmWGAg1DruQ7AQY+mtaoCJguY2AOuFK9M="'
[2023-12-09 12:52:21.319] [DISPLAY] [Workr] [idownloader] Completed download of 'https://rgl-prod.ros.rockstargames.com/launcher/11/LauncherServices/App.asmx/GetBuildManifestFullNoAuth?branchAccessToken=BRANCHACCESS token="pbMmrYuxRFJy/uJwKVhwvDReAFOX6COFeAqdS/YEyN3x7wgUmsf5tv3seCBgD4MqUFu7tshT0iXiq03Ia/FJRA==",signature="AKsUYVL8HidmWGAg1DruQ7AQY+mtaoCJguY2AOuFK9M="' (status: 0/200)
[2023-12-09 12:52:21.323] [DISPLAY] [Workr] [statuschecker] Title Rockstar Games Launcher: 0.0 KB / 193.88 MB
[2023-12-09 12:52:21.323] [DISPLAY] [Workr] [selfupdate] Updating launcher...
[2023-12-09 12:52:21.471] [DISPLAY] [Admin] [idownloader] Starting download of 'https://rgl-prod.ros.rockstargames.com/launcher/11/LauncherServices/App.asmx/RetrieveFileChunkNoAuthMulti'
[2023-12-09 12:52:22.248] [DISPLAY] [Admin] [idownloader] Completed download of 'https://rgl-prod.ros.rockstargames.com/launcher/11/LauncherServices/App.asmx/RetrieveFileChunkNoAuthMulti' (status: 0/200)
[2023-12-09 12:52:26.067] [DISPLAY] [Main ] [launcher] Shutdown requested! Forced: false
[2023-12-09 12:52:26.094] [DISPLAY] [Main ] [launcher] StartShutdown - Now in progress
[2023-12-09 12:52:26.158] [DISPLAY] [Workr] [downloadprogress] Dl: D|90317442|4|10|0|0
[2023-12-09 12:52:26.158] [DISPLAY] [Workr] [titleupdater] Update of Rockstar Games Launcher was cancelled.
[2023-12-09 12:52:26.181] [DISPLAY] [Workr] [launcher] No self-update, continuing.
[2023-12-09 12:52:26.181] [DISPLAY] [Workr] [launcher] Checking for prerequisite updates...
[2023-12-09 12:52:30.224] [DISPLAY] [Workr] [preqmanager] The Social Club version available matches that currently installed (both: 2.2.0.6)
[2023-12-09 12:52:30.224] [DISPLAY] [Workr] [titleupdater] Installing prerequisites for title launcher
[2023-12-09 12:52:30.224] [ ERROR ] [Workr] [launcher] Unable to install prerequisites!
[2023-12-09 12:52:30.224] [DISPLAY] [Workr] [launcher] Shutdown was requested, aborting.
[2023-12-09 12:52:30.274] [DISPLAY] [Main ] [app] Application quit requested (exit code: 0)
[2023-12-09 12:52:30.341] [DISPLAY] [Main ] [svc] Stopping the background service.
