[2024-05-03 19:07:40.975] [DISPLAY] [Main ] [sysinfo] OS Version: Major: 10 Minor: 0 Build: 19045 Service Pack: 
[2024-05-03 19:07:41.012] [DISPLAY] [Main ] [main] Working directory: C:\Program Files\Rockstar Games\Launcher
[2024-05-03 19:07:41.043] [DISPLAY] [Main ] [minmode] Running in Steam mode
[2024-05-03 19:07:41.043] [DISPLAY] [Main ] [minmode] Steam App Id: 271590
[2024-05-03 19:07:41.043] [DISPLAY] [Main ] [minmode] Title Id: 
[2024-05-03 19:07:41.043] [DISPLAY] [Main ] [minmode] Location: D:\SteamLibrary\steamapps\common\Grand Theft Auto V
[2024-05-03 19:07:41.044] [DISPLAY] [Main ] [launcher] Opening log file.
[2024-05-03 19:07:41.053] [DISPLAY] [Main ] [main] Command line: "C:\Program Files\Rockstar Games\Launcher\Launcher.exe" -skipPatcherCheck -steamAppId=271590 -steamLocation "D:\SteamLibrary\steamapps\common\Grand Theft Auto V" @args.txt
[2024-05-03 19:07:41.053] [DISPLAY] [Main ] [main] P4 Version: 
[2024-05-03 19:07:41.053] [DISPLAY] [Main ] [main] RGL Branch: release_03
[2024-05-03 19:07:41.053] [DISPLAY] [Main ] [main] Version: 1.0.88.1929
[2024-05-03 19:07:41.053] [DISPLAY] [Main ] [main] Parameters:
[2024-05-03 19:07:41.053] [DISPLAY] [Main ] [main]     C:\Program Files\Rockstar Games\Launcher\Launcher.exe
[2024-05-03 19:07:41.053] [DISPLAY] [Main ] [main]     -skipPatcherCheck
[2024-05-03 19:07:41.053] [DISPLAY] [Main ] [main]     -steamAppId=271590
[2024-05-03 19:07:41.053] [DISPLAY] [Main ] [main]     -steamLocation
[2024-05-03 19:07:41.053] [DISPLAY] [Main ] [main]     D:\SteamLibrary\steamapps\common\Grand Theft Auto V
[2024-05-03 19:07:41.053] [DISPLAY] [Main ] [main]     @args.txt
[2024-05-03 19:07:41.080] [DISPLAY] [Main ] [titlemanager] Installed titles:
[2024-05-03 19:07:41.080] [DISPLAY] [Main ] [titlemanager]  Title                             Progress               Version              Location                                                    
[2024-05-03 19:07:41.124] [DISPLAY] [Main ] [svc] Service version: 1.0.88.1929 (1.0.88.1929)
[2024-05-03 19:07:41.487] [DISPLAY] [Main ] [fileutils] Version: 2.3.0.7 | 1.0.88.1929 | FFP
[2024-05-03 19:07:41.564] [DISPLAY] [Workr] [selfupdate] Up-to-date.
[2024-05-03 19:07:42.453] [DISPLAY] [bgsvc] [svc] Received response from service.
[2024-05-03 19:07:42.932] [DISPLAY] [Main ] [systemtray] System tray: enabled
[2024-05-03 19:07:42.943] [DISPLAY] [Main ] [launcher] Passed check: majorVersion(10.0.19045) >= 10
[2024-05-03 19:07:42.957] [DISPLAY] [Workr] [idownloader] Starting download of 'https://gamedownloads-rockstargames-com.akamaized.net/public/launcher_online_config.xml'
[2024-05-03 19:07:43.215] [DISPLAY] [Workr] [idownloader] Completed download of 'https://gamedownloads-rockstargames-com.akamaized.net/public/launcher_online_config.xml' (status: 0/200)
[2024-05-03 19:07:43.217] [DISPLAY] [Workr] [titlemanager] Downloading title list...
[2024-05-03 19:07:43.217] [DISPLAY] [Workr] [titlemanager] Downloading default title list (SCS)...
[2024-05-03 19:07:43.217] [DISPLAY] [Workr] [idownloader] Starting download of 'https://rgl-prod.ros.rockstargames.com/launcher/11/LauncherServices/App.asmx/GetDefaultApps?accessToken='
[2024-05-03 19:07:44.091] [DISPLAY] [Workr] [idownloader] Completed download of 'https://rgl-prod.ros.rockstargames.com/launcher/11/LauncherServices/App.asmx/GetDefaultApps?accessToken=' (status: 0/200)
[2024-05-03 19:07:44.093] [DISPLAY] [Workr] [titlemanager] Title list updated.
[2024-05-03 19:07:44.093] [DISPLAY] [Workr] [launcher] Checking for self-update...
[2024-05-03 19:07:44.109] [DISPLAY] [Workr] [statuschecker] Title Rockstar Games Launcher: No update
[2024-05-03 19:07:44.204] [DISPLAY] [Workr] [launcher] No self-update, continuing.
[2024-05-03 19:07:44.204] [DISPLAY] [Workr] [launcher] Checking for prerequisite updates...
[2024-05-03 19:07:44.218] [DISPLAY] [Workr] [preqmanager] The Social Club version available matches that currently installed (both: 2.3.0.7)
[2024-05-03 19:07:44.218] [DISPLAY] [Workr] [titleupdater] No prerequisites to install.
[2024-05-03 19:07:44.218] [DISPLAY] [Workr] [launcher] Checking minimum SDK requirement
[2024-05-03 19:07:44.317] [DISPLAY] [Workr] [launcher] Completed Social Club Pre-initialization tasks
[2024-05-03 19:07:47.511] [DISPLAY] [Main ] [launcher] Social Club UI has started.
[2024-05-03 19:07:47.515] [DISPLAY] [Main ] [external] Notifying Social Club UI about external launch...
[2024-05-03 19:07:47.517] [DISPLAY] [Admin] [external] Setting up Steam title...
[2024-05-03 19:07:47.518] [DISPLAY] [Admin] [metadatamanager] Read external Steam metadata: gta5
[2024-05-03 19:07:47.519] [DISPLAY] [Admin] [external] Ready to attempt a launch.
[2024-05-03 19:07:51.810] [DISPLAY] [Main ] [launcher] Presence Event - Signed In
[2024-05-03 19:07:51.810] [DISPLAY] [Main ] [launcher] User 'xleftx1' is now signed in
[2024-05-03 19:07:51.933] [DISPLAY] [Main ] [launcher] Presence Event :: Went Online
[2024-05-03 19:07:51.933] [DISPLAY] [Main ] [external] Preparing to update/launch...
[2024-05-03 19:07:51.933] [DISPLAY] [Admin] [titlemanager] Downloading title list...
[2024-05-03 19:07:51.933] [DISPLAY] [Admin] [titlemanager] Downloading title list (SCS)...
[2024-05-03 19:07:51.935] [DISPLAY] [Main ] [launcher] Time to start up: 11061 ms
[2024-05-03 19:07:51.943] [DISPLAY] [Main ] [ui_mainwindow] Using DPI 96,96
[2024-05-03 19:07:51.943] [DISPLAY] [Main ] [ui_mainwindow] Using UI Scale: 1.00
[2024-05-03 19:07:51.946] [DISPLAY] [Main ] [ui_mainwindow] Using saved geometry: 160,130 (1280 x 600)
[2024-05-03 19:07:51.972] [DISPLAY] [Main ] [systemtray] System tray: enabled
[2024-05-03 19:07:52.005] [DISPLAY] [Main ] [scuicallbacks] Enabling Downloading
[2024-05-03 19:07:52.057] [DISPLAY] [Main ] [launcher] Friend Event - Friends are Available
[2024-05-03 19:07:52.477] [DISPLAY] [Main ] [scuicallbacks] Setting updated
[2024-05-03 19:07:52.477] [DISPLAY] [Main ] [scuicallbacks] Launch requested
[2024-05-03 19:07:52.477] [DISPLAY] [Main ] [scuicallbacks] Launch requested by user: gta5, 
[2024-05-03 19:07:52.477] [DISPLAY] [Main ] [external] Attempting external title launch...
[2024-05-03 19:07:53.024] [DISPLAY] [Admin] [titlemanager] Title list updated.
[2024-05-03 19:07:53.025] [DISPLAY] [Admin] [external] Ready to attempt a launch.
[2024-05-03 19:07:53.025] [DISPLAY] [Admin] [external] Attempting Steam launch. User is 'XleftX'
[2024-05-03 19:07:55.782] [DISPLAY] [ 8020] [gamelaunch] RGL is up to date (current: 1.0.88.1929, minimum: 1.0.26.268)
[2024-05-03 19:07:55.787] [DISPLAY] [ 8020] [gamelaunch] Grand Theft Auto V is up to date (current: 1.0.3179.0, minimum: 1.0.1868.0)
[2024-05-03 19:07:59.014] [DISPLAY] [Main ] [cloudsaveop] Cloud Save sync requested for title 'gta5'
[2024-05-03 19:07:59.031] [DISPLAY] [Main ] [cloudsaveop] Starting cloud save enabled check for title 'gta5'
[2024-05-03 19:07:59.035] [DISPLAY] [Main ] [cloudsaveop] Received cloud saves enabled state for title 'gta5' = enabled
[2024-05-03 19:07:59.035] [DISPLAY] [Main ] [cloudsaveop] Identifying potential cloud save conflicts for title 'gta5'
[2024-05-03 19:07:59.882] [DISPLAY] [Main ] [cloudsaveop] Received modification list of cloud save files for title 'gta5'
[2024-05-03 19:07:59.882] [DISPLAY] [Main ] [cloudsaveop] Retrieving conflict metadata for title 'gta5'
[2024-05-03 19:07:59.899] [DISPLAY] [Main ] [cloudsaveop] Downloaded conflict metadata for title 'gta5'
[2024-05-03 19:07:59.899] [DISPLAY] [Main ] [cloudsaveop] Posting updated files for title 'gta5'
[2024-05-03 19:07:59.916] [DISPLAY] [Main ] [cloudsaveop] File uploading completed for title 'gta5'
[2024-05-03 19:07:59.916] [DISPLAY] [Main ] [cloudsaveop] Getting update files for title 'gta5'
[2024-05-03 19:07:59.933] [DISPLAY] [Main ] [cloudsaveop] File downloading completed for title 'gta5'
[2024-05-03 19:07:59.933] [DISPLAY] [Main ] [cloudsaveop] Deleting updated files for title 'gta5'
[2024-05-03 19:07:59.950] [DISPLAY] [Main ] [cloudsaveop] Files deletion completed for title 'gta5'
[2024-05-03 19:07:59.950] [DISPLAY] [Main ] [cloudsaveop] Swapping updated files in place for title 'gta5'
[2024-05-03 19:07:59.971] [DISPLAY] [Main ] [cloudsaveop] Finished syncing cloud saves for title 'gta5'
[2024-05-03 19:08:00.075] [DISPLAY] [net4 ] [audio] Valid Audio Device: true
[2024-05-03 19:08:01.218] [DISPLAY] [ 8020] [gamelaunch] Launching game...
[2024-05-03 19:08:01.218] [DISPLAY] [ 8020] [gamelaunch]  Path: D:\SteamLibrary\steamapps\common\Grand Theft Auto V\GTA5.exe
[2024-05-03 19:08:01.218] [DISPLAY] [ 8020] [gamelaunch]  Command Line: "D:\SteamLibrary\steamapps\common\Grand Theft Auto V\GTA5.exe" -skipPatcherCheck -steamLocation "D:\SteamLibrary\steamapps\common\Grand Theft Auto V" @args.txt @commandline.txt -enableCrashpad -useSteam -steamAppId=271590 -scCommerceProvider=4
[2024-05-03 19:08:01.218] [DISPLAY] [ 8020] [gamelaunch]  Working Directory: D:\SteamLibrary\steamapps\common\Grand Theft Auto V
[2024-05-03 20:07:30.594] [DISPLAY] [ 8020] [gamelaunch] Game exited with code 0x0 (0)
[2024-05-03 20:07:30.594] [DISPLAY] [ 8020] [crashdetection] Game left no exit file.
[2024-05-03 20:07:30.594] [DISPLAY] [ 8020] [crashdetection] Exit code 0x0 indicates a clean game shutdown
[2024-05-03 20:07:30.625] [DISPLAY] [Main ] [cloudsaveop] Cloud Save sync requested for title 'gta5'
[2024-05-03 20:07:30.642] [DISPLAY] [Main ] [cloudsaveop] Starting cloud save enabled check for title 'gta5'
[2024-05-03 20:07:30.644] [DISPLAY] [Main ] [cloudsaveop] Received cloud saves enabled state for title 'gta5' = enabled
[2024-05-03 20:07:30.644] [DISPLAY] [Main ] [cloudsaveop] Title access token was missing or expired, refreshing access for title 'gta5'
[2024-05-03 20:07:30.645] [DISPLAY] [Main ] [cloudsaveop] Retrieving access token for title 'gta5' (11)
[2024-05-03 20:07:31.475] [DISPLAY] [Main ] [cloudsaveop] Identifying potential cloud save conflicts for title 'gta5'
[2024-05-03 20:07:32.308] [DISPLAY] [Main ] [cloudsaveop] Received modification list of cloud save files for title 'gta5'
[2024-05-03 20:07:32.308] [DISPLAY] [Main ] [cloudsaveop] Retrieving conflict metadata for title 'gta5'
[2024-05-03 20:07:32.325] [DISPLAY] [Main ] [cloudsaveop] Downloaded conflict metadata for title 'gta5'
[2024-05-03 20:07:32.325] [DISPLAY] [Main ] [cloudsaveop] Posting updated files for title 'gta5'
[2024-05-03 20:07:34.928] [DISPLAY] [Main ] [cloudsaveop] File uploading completed for title 'gta5'
[2024-05-03 20:07:34.928] [DISPLAY] [Main ] [cloudsaveop] Getting update files for title 'gta5'
[2024-05-03 20:07:34.945] [DISPLAY] [Main ] [cloudsaveop] File downloading completed for title 'gta5'
[2024-05-03 20:07:34.945] [DISPLAY] [Main ] [cloudsaveop] Deleting updated files for title 'gta5'
[2024-05-03 20:07:34.962] [DISPLAY] [Main ] [cloudsaveop] Files deletion completed for title 'gta5'
[2024-05-03 20:07:34.962] [DISPLAY] [Main ] [cloudsaveop] Swapping updated files in place for title 'gta5'
[2024-05-03 20:07:34.980] [DISPLAY] [Main ] [cloudsaveop] Finished syncing cloud saves for title 'gta5'
[2024-05-03 20:07:35.837] [DISPLAY] [ 8020] [launcher] Shutdown requested! Forced: false
[2024-05-03 20:07:35.841] [DISPLAY] [Main ] [launcher] StartShutdown - Now in progress
[2024-05-03 20:07:35.842] [DISPLAY] [Main ] [svc] Stopping the background service.
[2024-05-03 20:07:35.989] [WARNING] [net3 ] [titlemanager] Background service unavailable: Titles file cannot be written.
[2024-05-03 20:07:36.006] [WARNING] [net1 ] [titlemanager] Background service unavailable: Titles file cannot be written.
[2024-05-03 20:07:51.515] [WARNING] [Main ] [worker] Not adding job due to thread exiting
[2024-05-03 20:07:51.515] [ ERROR ] [Main ] [titlemanager] Timed out trying to flush title data!
[2024-05-03 20:07:51.532] [WARNING] [net2 ] [titlemanager] Background service unavailable: Titles file cannot be written.
[2024-05-03 20:07:51.532] [ ERROR ] [Main ] [titlemanager] Timed out trying to flush title data!
[2024-05-03 20:07:51.545] [ ERROR ] [Main ] [titlemanager] Timed out trying to flush title data!
[2024-05-03 20:07:51.553] [WARNING] [net3 ] [titlemanager] Background service unavailable: Titles file cannot be written.
[2024-05-03 20:07:51.566] [ ERROR ] [Main ] [titlemanager] Timed out trying to flush title data!
[2024-05-03 20:07:51.571] [WARNING] [net1 ] [titlemanager] Background service unavailable: Titles file cannot be written.
[2024-05-03 20:07:51.584] [ ERROR ] [Main ] [titlemanager] Timed out trying to flush title data!
[2024-05-03 20:07:51.585] [WARNING] [net2 ] [titlemanager] Background service unavailable: Titles file cannot be written.
[2024-05-03 20:07:51.604] [ ERROR ] [Main ] [titlemanager] Timed out trying to flush title data!
[2024-05-03 20:07:51.606] [WARNING] [net4 ] [titlemanager] Background service unavailable: Titles file cannot be written.
[2024-05-03 20:07:51.633] [ ERROR ] [Main ] [titlemanager] Timed out trying to flush title data!
[2024-05-03 20:07:51.638] [WARNING] [net3 ] [titlemanager] Background service unavailable: Titles file cannot be written.
[2024-05-03 20:07:51.650] [ ERROR ] [Main ] [titlemanager] Timed out trying to flush title data!
[2024-05-03 20:07:51.653] [WARNING] [net1 ] [titlemanager] Background service unavailable: Titles file cannot be written.
[2024-05-03 20:07:51.667] [ ERROR ] [Main ] [titlemanager] Timed out trying to flush title data!
[2024-05-03 20:07:51.667] [WARNING] [net2 ] [titlemanager] Background service unavailable: Titles file cannot be written.
[2024-05-03 20:07:51.684] [ ERROR ] [Main ] [titlemanager] Timed out trying to flush title data!
[2024-05-03 20:07:51.684] [WARNING] [net4 ] [titlemanager] Background service unavailable: Titles file cannot be written.
[2024-05-03 20:07:51.701] [WARNING] [net3 ] [titlemanager] Background service unavailable: Titles file cannot be written.
[2024-05-03 20:07:51.701] [ ERROR ] [Main ] [titlemanager] Timed out trying to flush title data!
[2024-05-03 20:07:51.718] [WARNING] [net1 ] [titlemanager] Background service unavailable: Titles file cannot be written.
[2024-05-03 20:07:51.718] [ ERROR ] [Main ] [titlemanager] Timed out trying to flush title data!
[2024-05-03 20:07:51.735] [WARNING] [net2 ] [titlemanager] Background service unavailable: Titles file cannot be written.
[2024-05-03 20:07:51.735] [ ERROR ] [Main ] [titlemanager] Timed out trying to flush title data!
[2024-05-03 20:07:51.752] [WARNING] [net4 ] [titlemanager] Background service unavailable: Titles file cannot be written.
[2024-05-03 20:07:51.752] [ ERROR ] [Main ] [titlemanager] Timed out trying to flush title data!
[2024-05-03 20:07:51.769] [WARNING] [net3 ] [titlemanager] Background service unavailable: Titles file cannot be written.
[2024-05-03 20:07:51.769] [ ERROR ] [Main ] [titlemanager] Timed out trying to flush title data!
[2024-05-03 20:07:51.786] [WARNING] [net1 ] [titlemanager] Background service unavailable: Titles file cannot be written.
[2024-05-03 20:07:51.786] [ ERROR ] [Main ] [titlemanager] Timed out trying to flush title data!
[2024-05-03 20:07:51.803] [WARNING] [net2 ] [titlemanager] Background service unavailable: Titles file cannot be written.
[2024-05-03 20:07:51.803] [ ERROR ] [Main ] [titlemanager] Timed out trying to flush title data!
[2024-05-03 20:07:51.820] [WARNING] [net4 ] [titlemanager] Background service unavailable: Titles file cannot be written.
[2024-05-03 20:07:51.820] [ ERROR ] [Main ] [titlemanager] Timed out trying to flush title data!
[2024-05-03 20:07:51.837] [WARNING] [net3 ] [titlemanager] Background service unavailable: Titles file cannot be written.
[2024-05-03 20:07:51.837] [ ERROR ] [Main ] [titlemanager] Timed out trying to flush title data!
[2024-05-03 20:07:51.854] [WARNING] [net1 ] [titlemanager] Background service unavailable: Titles file cannot be written.
[2024-05-03 20:07:51.854] [ ERROR ] [Main ] [titlemanager] Timed out trying to flush title data!
[2024-05-03 20:07:51.871] [WARNING] [net2 ] [titlemanager] Background service unavailable: Titles file cannot be written.
[2024-05-03 20:07:51.871] [ ERROR ] [Main ] [titlemanager] Timed out trying to flush title data!
[2024-05-03 20:07:51.888] [WARNING] [net4 ] [titlemanager] Background service unavailable: Titles file cannot be written.
[2024-05-03 20:07:51.888] [ ERROR ] [Main ] [titlemanager] Timed out trying to flush title data!
[2024-05-03 20:07:51.905] [WARNING] [net3 ] [titlemanager] Background service unavailable: Titles file cannot be written.
[2024-05-03 20:07:51.905] [ ERROR ] [Main ] [titlemanager] Timed out trying to flush title data!
[2024-05-03 20:07:51.922] [WARNING] [net1 ] [titlemanager] Background service unavailable: Titles file cannot be written.
[2024-05-03 20:07:51.922] [ ERROR ] [Main ] [titlemanager] Timed out trying to flush title data!
[2024-05-03 20:07:51.939] [ ERROR ] [Main ] [titlemanager] Timed out trying to flush title data!
[2024-05-03 20:07:51.939] [WARNING] [net2 ] [titlemanager] Background service unavailable: Titles file cannot be written.
[2024-05-03 20:07:51.956] [WARNING] [net4 ] [titlemanager] Background service unavailable: Titles file cannot be written.
[2024-05-03 20:07:51.956] [ ERROR ] [Main ] [titlemanager] Timed out trying to flush title data!
[2024-05-03 20:07:51.973] [WARNING] [net3 ] [titlemanager] Background service unavailable: Titles file cannot be written.
[2024-05-03 20:07:51.973] [ ERROR ] [Main ] [titlemanager] Timed out trying to flush title data!
[2024-05-03 20:07:51.990] [WARNING] [net1 ] [titlemanager] Background service unavailable: Titles file cannot be written.
[2024-05-03 20:07:51.990] [ ERROR ] [Main ] [titlemanager] Timed out trying to flush title data!
[2024-05-03 20:07:52.007] [ ERROR ] [Main ] [titlemanager] Timed out trying to flush title data!
[2024-05-03 20:07:52.007] [WARNING] [net2 ] [titlemanager] Background service unavailable: Titles file cannot be written.
[2024-05-03 20:07:52.024] [WARNING] [net4 ] [titlemanager] Background service unavailable: Titles file cannot be written.
[2024-05-03 20:07:52.024] [ ERROR ] [Main ] [titlemanager] Timed out trying to flush title data!
[2024-05-03 20:07:52.041] [WARNING] [net3 ] [titlemanager] Background service unavailable: Titles file cannot be written.
[2024-05-03 20:07:52.041] [ ERROR ] [Main ] [titlemanager] Timed out trying to flush title data!
[2024-05-03 20:07:52.058] [ ERROR ] [Main ] [titlemanager] Timed out trying to flush title data!
[2024-05-03 20:07:52.059] [WARNING] [net1 ] [titlemanager] Background service unavailable: Titles file cannot be written.
[2024-05-03 20:07:52.075] [WARNING] [net2 ] [titlemanager] Background service unavailable: Titles file cannot be written.
[2024-05-03 20:07:52.075] [ ERROR ] [Main ] [titlemanager] Timed out trying to flush title data!
[2024-05-03 20:07:52.092] [WARNING] [net4 ] [titlemanager] Background service unavailable: Titles file cannot be written.
[2024-05-03 20:07:52.092] [ ERROR ] [Main ] [titlemanager] Timed out trying to flush title data!
[2024-05-03 20:07:52.109] [WARNING] [net3 ] [titlemanager] Background service unavailable: Titles file cannot be written.
[2024-05-03 20:07:52.109] [ ERROR ] [Main ] [titlemanager] Timed out trying to flush title data!
[2024-05-03 20:07:52.126] [ ERROR ] [Main ] [titlemanager] Timed out trying to flush title data!
[2024-05-03 20:07:52.126] [WARNING] [net1 ] [titlemanager] Background service unavailable: Titles file cannot be written.
[2024-05-03 20:07:52.143] [WARNING] [net2 ] [titlemanager] Background service unavailable: Titles file cannot be written.
[2024-05-03 20:07:52.143] [ ERROR ] [Main ] [titlemanager] Timed out trying to flush title data!
[2024-05-03 20:07:52.160] [WARNING] [net4 ] [titlemanager] Background service unavailable: Titles file cannot be written.
[2024-05-03 20:07:52.160] [ ERROR ] [Main ] [titlemanager] Timed out trying to flush title data!
[2024-05-03 20:07:52.177] [WARNING] [net3 ] [titlemanager] Background service unavailable: Titles file cannot be written.
[2024-05-03 20:07:52.177] [ ERROR ] [Main ] [titlemanager] Timed out trying to flush title data!
[2024-05-03 20:07:52.194] [WARNING] [net1 ] [titlemanager] Background service unavailable: Titles file cannot be written.
[2024-05-03 20:07:52.194] [ ERROR ] [Main ] [titlemanager] Timed out trying to flush title data!
[2024-05-03 20:07:52.211] [WARNING] [net2 ] [titlemanager] Background service unavailable: Titles file cannot be written.
[2024-05-03 20:07:52.212] [ ERROR ] [Main ] [titlemanager] Timed out trying to flush title data!
[2024-05-03 20:07:52.212] [DISPLAY] [Main ] [app] Application quit requested (exit code: 0)
