[2024-05-02 19:58:25.320] [DISPLAY] [Main ] [sysinfo] OS Version: Major: 10 Minor: 0 Build: 19045 Service Pack: 
[2024-05-02 19:58:25.350] [DISPLAY] [Main ] [main] Working directory: C:\Program Files\Rockstar Games\Launcher
[2024-05-02 19:58:25.381] [DISPLAY] [Main ] [minmode] Running in Steam mode
[2024-05-02 19:58:25.381] [DISPLAY] [Main ] [minmode] Steam App Id: 271590
[2024-05-02 19:58:25.381] [DISPLAY] [Main ] [minmode] Title Id: 
[2024-05-02 19:58:25.381] [DISPLAY] [Main ] [minmode] Location: D:\SteamLibrary\steamapps\common\Grand Theft Auto V
[2024-05-02 19:58:25.381] [DISPLAY] [Main ] [launcher] Opening log file.
[2024-05-02 19:58:25.388] [DISPLAY] [Main ] [main] Command line: "C:\Program Files\Rockstar Games\Launcher\Launcher.exe" -skipPatcherCheck -steamAppId=271590 -steamLocation "D:\SteamLibrary\steamapps\common\Grand Theft Auto V" @args.txt -upgrade
[2024-05-02 19:58:25.388] [DISPLAY] [Main ] [main] P4 Version: 
[2024-05-02 19:58:25.388] [DISPLAY] [Main ] [main] RGL Branch: release_03
[2024-05-02 19:58:25.388] [DISPLAY] [Main ] [main] Version: 1.0.88.1929
[2024-05-02 19:58:25.388] [DISPLAY] [Main ] [main] Parameters:
[2024-05-02 19:58:25.388] [DISPLAY] [Main ] [main]     C:\Program Files\Rockstar Games\Launcher\Launcher.exe
[2024-05-02 19:58:25.388] [DISPLAY] [Main ] [main]     -skipPatcherCheck
[2024-05-02 19:58:25.388] [DISPLAY] [Main ] [main]     -steamAppId=271590
[2024-05-02 19:58:25.388] [DISPLAY] [Main ] [main]     -steamLocation
[2024-05-02 19:58:25.388] [DISPLAY] [Main ] [main]     D:\SteamLibrary\steamapps\common\Grand Theft Auto V
[2024-05-02 19:58:25.388] [DISPLAY] [Main ] [main]     @args.txt
[2024-05-02 19:58:25.388] [DISPLAY] [Main ] [main]     -upgrade
[2024-05-02 19:58:25.412] [DISPLAY] [Main ] [titlemanager] Installed titles:
[2024-05-02 19:58:25.412] [DISPLAY] [Main ] [titlemanager]  Title                             Progress               Version              Location                                                    
[2024-05-02 19:58:25.431] [DISPLAY] [Main ] [svc] Service version: 1.0.88.1929 (1.0.88.1929)
[2024-05-02 19:58:25.625] [DISPLAY] [Main ] [fileutils] Version: 2.3.0.7 | 1.0.88.1929 | FFP
[2024-05-02 19:58:25.686] [DISPLAY] [Workr] [selfupdate] Up-to-date.
[2024-05-02 19:58:26.441] [DISPLAY] [bgsvc] [svc] Received response from service.
[2024-05-02 19:58:26.859] [DISPLAY] [Main ] [systemtray] System tray: enabled
[2024-05-02 19:58:26.872] [DISPLAY] [Main ] [launcher] Passed check: majorVersion(10.0.19045) >= 10
[2024-05-02 19:58:26.885] [DISPLAY] [Workr] [idownloader] Starting download of 'https://gamedownloads-rockstargames-com.akamaized.net/public/launcher_online_config.xml'
[2024-05-02 19:58:27.101] [DISPLAY] [Workr] [idownloader] Completed download of 'https://gamedownloads-rockstargames-com.akamaized.net/public/launcher_online_config.xml' (status: 0/200)
[2024-05-02 19:58:27.102] [DISPLAY] [Workr] [titlemanager] Downloading title list...
[2024-05-02 19:58:27.102] [DISPLAY] [Workr] [titlemanager] Downloading default title list (SCS)...
[2024-05-02 19:58:27.102] [DISPLAY] [Workr] [idownloader] Starting download of 'https://rgl-prod.ros.rockstargames.com/launcher/11/LauncherServices/App.asmx/GetDefaultApps?accessToken='
[2024-05-02 19:58:27.914] [DISPLAY] [Workr] [idownloader] Completed download of 'https://rgl-prod.ros.rockstargames.com/launcher/11/LauncherServices/App.asmx/GetDefaultApps?accessToken=' (status: 0/200)
[2024-05-02 19:58:27.915] [DISPLAY] [Workr] [titlemanager] Title list updated.
[2024-05-02 19:58:27.915] [DISPLAY] [Workr] [launcher] Checking for prerequisite updates...
[2024-05-02 19:58:28.120] [DISPLAY] [Workr] [preqmanager] The Social Club version available matches that currently installed (both: 2.3.0.7)
[2024-05-02 19:58:28.120] [DISPLAY] [Workr] [titleupdater] Installing prerequisites for title launcher
[2024-05-02 19:58:28.124] [DISPLAY] [Workr] [preqmanager] Installer version: 2.3.0.7
[2024-05-02 19:58:28.124] [DISPLAY] [Workr] [preqmanager] About to launch process: C:\Program Files\Rockstar Games\Launcher\Redistributables\SocialClub\Social-Club-Setup.exe (with commandline: /silent /forceinstall)
[2024-05-02 19:58:33.883] [DISPLAY] [Workr] [launcher] Checking minimum SDK requirement
[2024-05-02 19:58:33.940] [DISPLAY] [Workr] [launcher] Completed Social Club Pre-initialization tasks
[2024-05-02 19:58:37.891] [DISPLAY] [Main ] [launcher] Social Club UI has started.
[2024-05-02 19:58:37.894] [DISPLAY] [Main ] [external] Notifying Social Club UI about external launch...
[2024-05-02 19:58:37.894] [DISPLAY] [Admin] [external] Setting up Steam title...
[2024-05-02 19:58:37.895] [DISPLAY] [Admin] [metadatamanager] Read external Steam metadata: gta5
[2024-05-02 19:58:37.895] [DISPLAY] [Admin] [external] Ready to attempt a launch.
[2024-05-02 19:58:41.538] [DISPLAY] [Main ] [launcher] Presence Event - Signed In
[2024-05-02 19:58:41.538] [DISPLAY] [Main ] [launcher] User 'xleftx1' is now signed in
[2024-05-02 19:58:41.591] [DISPLAY] [Main ] [launcher] Presence Event :: Went Online
[2024-05-02 19:58:41.591] [DISPLAY] [Main ] [external] Preparing to update/launch...
[2024-05-02 19:58:41.591] [DISPLAY] [Admin] [titlemanager] Downloading title list...
[2024-05-02 19:58:41.591] [DISPLAY] [Admin] [titlemanager] Downloading title list (SCS)...
[2024-05-02 19:58:41.592] [DISPLAY] [Main ] [launcher] Time to start up: 16349 ms
[2024-05-02 19:58:41.597] [DISPLAY] [Main ] [ui_mainwindow] Using DPI 96,96
[2024-05-02 19:58:41.597] [DISPLAY] [Main ] [ui_mainwindow] Using UI Scale: 1.00
[2024-05-02 19:58:41.599] [DISPLAY] [Main ] [ui_mainwindow] Using saved geometry: 160,130 (1280 x 600)
[2024-05-02 19:58:41.629] [DISPLAY] [Main ] [systemtray] System tray: enabled
[2024-05-02 19:58:41.656] [DISPLAY] [Main ] [scuicallbacks] Enabling Downloading
[2024-05-02 19:58:41.755] [DISPLAY] [Main ] [launcher] Friend Event - Friends are Available
[2024-05-02 19:58:42.111] [DISPLAY] [Main ] [scuicallbacks] Setting updated
[2024-05-02 19:58:42.111] [DISPLAY] [Main ] [scuicallbacks] Launch requested
[2024-05-02 19:58:42.111] [DISPLAY] [Main ] [scuicallbacks] Launch requested by user: gta5, 
[2024-05-02 19:58:42.111] [DISPLAY] [Main ] [external] Attempting external title launch...
[2024-05-02 19:58:42.683] [DISPLAY] [Admin] [titlemanager] Title list updated.
[2024-05-02 19:58:42.685] [DISPLAY] [Admin] [external] Ready to attempt a launch.
[2024-05-02 19:58:42.685] [DISPLAY] [Admin] [external] Attempting Steam launch. User is 'XleftX'
[2024-05-02 19:58:45.178] [DISPLAY] [15688] [gamelaunch] RGL is up to date (current: 1.0.88.1929, minimum: 1.0.26.268)
[2024-05-02 19:58:45.181] [DISPLAY] [15688] [gamelaunch] Grand Theft Auto V is up to date (current: 1.0.3179.0, minimum: 1.0.1868.0)
[2024-05-02 19:58:48.100] [DISPLAY] [Main ] [cloudsaveop] Cloud Save sync requested for title 'gta5'
[2024-05-02 19:58:48.117] [DISPLAY] [Main ] [cloudsaveop] Starting cloud save enabled check for title 'gta5'
[2024-05-02 19:58:48.120] [DISPLAY] [Main ] [cloudsaveop] Received cloud saves enabled state for title 'gta5' = enabled
[2024-05-02 19:58:48.120] [DISPLAY] [Main ] [cloudsaveop] Identifying potential cloud save conflicts for title 'gta5'
[2024-05-02 19:58:48.984] [DISPLAY] [Main ] [cloudsaveop] Received modification list of cloud save files for title 'gta5'
[2024-05-02 19:58:48.984] [DISPLAY] [Main ] [cloudsaveop] Retrieving conflict metadata for title 'gta5'
[2024-05-02 19:58:49.001] [DISPLAY] [Main ] [cloudsaveop] Downloaded conflict metadata for title 'gta5'
[2024-05-02 19:58:49.001] [DISPLAY] [Main ] [cloudsaveop] Posting updated files for title 'gta5'
[2024-05-02 19:58:49.018] [DISPLAY] [Main ] [cloudsaveop] File uploading completed for title 'gta5'
[2024-05-02 19:58:49.018] [DISPLAY] [Main ] [cloudsaveop] Getting update files for title 'gta5'
[2024-05-02 19:58:49.035] [DISPLAY] [Main ] [cloudsaveop] File downloading completed for title 'gta5'
[2024-05-02 19:58:49.035] [DISPLAY] [Main ] [cloudsaveop] Deleting updated files for title 'gta5'
[2024-05-02 19:58:49.052] [DISPLAY] [Main ] [cloudsaveop] Files deletion completed for title 'gta5'
[2024-05-02 19:58:49.052] [DISPLAY] [Main ] [cloudsaveop] Swapping updated files in place for title 'gta5'
[2024-05-02 19:58:49.070] [DISPLAY] [Main ] [cloudsaveop] Finished syncing cloud saves for title 'gta5'
[2024-05-02 19:58:49.139] [DISPLAY] [net3 ] [audio] Valid Audio Device: true
[2024-05-02 19:58:50.256] [DISPLAY] [15688] [gamelaunch] Launching game...
[2024-05-02 19:58:50.256] [DISPLAY] [15688] [gamelaunch]  Path: D:\SteamLibrary\steamapps\common\Grand Theft Auto V\GTA5.exe
[2024-05-02 19:58:50.256] [DISPLAY] [15688] [gamelaunch]  Command Line: "D:\SteamLibrary\steamapps\common\Grand Theft Auto V\GTA5.exe" -skipPatcherCheck -steamLocation "D:\SteamLibrary\steamapps\common\Grand Theft Auto V" @args.txt -upgrade @commandline.txt -enableCrashpad -useSteam -steamAppId=271590 -scCommerceProvider=4
[2024-05-02 19:58:50.256] [DISPLAY] [15688] [gamelaunch]  Working Directory: D:\SteamLibrary\steamapps\common\Grand Theft Auto V
[2024-05-02 20:01:51.700] [DISPLAY] [Main ] [sysinfo] Drive C:\ has 6.92 GB free, 222.95 GB total
[2024-05-02 20:01:51.700] [DISPLAY] [Main ] [sysinfo] Drive D:\ has 14.89 GB free, 465.76 GB total
[2024-05-02 20:01:51.825] [DISPLAY] [Main ] [sysinfo] Drive C:\ has 6.92 GB free, 222.95 GB total
[2024-05-02 20:01:51.826] [DISPLAY] [Main ] [sysinfo] Drive D:\ has 14.89 GB free, 465.76 GB total
[2024-05-02 20:58:27.159] [DISPLAY] [Admin] [idownloader] Starting download of 'https://gamedownloads-rockstargames-com.akamaized.net/public/launcher_online_config.xml'
[2024-05-02 20:58:27.754] [DISPLAY] [Admin] [idownloader] Completed download of 'https://gamedownloads-rockstargames-com.akamaized.net/public/launcher_online_config.xml' (status: 0/200)
[2024-05-02 21:58:27.852] [DISPLAY] [Admin] [idownloader] Starting download of 'https://gamedownloads-rockstargames-com.akamaized.net/public/launcher_online_config.xml'
[2024-05-02 21:58:28.618] [DISPLAY] [Admin] [idownloader] Completed download of 'https://gamedownloads-rockstargames-com.akamaized.net/public/launcher_online_config.xml' (status: 0/200)
[2024-05-02 22:13:52.652] [DISPLAY] [15688] [gamelaunch] Game exited with code 0x0 (0)
[2024-05-02 22:13:52.652] [DISPLAY] [15688] [crashdetection] Game left no exit file.
[2024-05-02 22:13:52.652] [DISPLAY] [15688] [crashdetection] Exit code 0x0 indicates a clean game shutdown
[2024-05-02 22:13:52.684] [DISPLAY] [Main ] [cloudsaveop] Cloud Save sync requested for title 'gta5'
[2024-05-02 22:13:52.701] [DISPLAY] [Main ] [cloudsaveop] Starting cloud save enabled check for title 'gta5'
[2024-05-02 22:13:52.818] [DISPLAY] [Main ] [cloudsaveop] Received cloud saves enabled state for title 'gta5' = enabled
[2024-05-02 22:13:52.818] [DISPLAY] [Main ] [cloudsaveop] Title access token was missing or expired, refreshing access for title 'gta5'
[2024-05-02 22:13:52.819] [DISPLAY] [Main ] [cloudsaveop] Retrieving access token for title 'gta5' (11)
[2024-05-02 22:13:53.822] [DISPLAY] [Main ] [cloudsaveop] Identifying potential cloud save conflicts for title 'gta5'
[2024-05-02 22:13:54.646] [DISPLAY] [Main ] [cloudsaveop] Received modification list of cloud save files for title 'gta5'
[2024-05-02 22:13:54.646] [DISPLAY] [Main ] [cloudsaveop] Retrieving conflict metadata for title 'gta5'
[2024-05-02 22:13:54.663] [DISPLAY] [Main ] [cloudsaveop] Downloaded conflict metadata for title 'gta5'
[2024-05-02 22:13:54.663] [DISPLAY] [Main ] [cloudsaveop] Posting updated files for title 'gta5'
[2024-05-02 22:13:54.680] [DISPLAY] [Main ] [cloudsaveop] File uploading completed for title 'gta5'
[2024-05-02 22:13:54.680] [DISPLAY] [Main ] [cloudsaveop] Getting update files for title 'gta5'
[2024-05-02 22:13:54.697] [DISPLAY] [Main ] [cloudsaveop] File downloading completed for title 'gta5'
[2024-05-02 22:13:54.697] [DISPLAY] [Main ] [cloudsaveop] Deleting updated files for title 'gta5'
[2024-05-02 22:13:54.714] [DISPLAY] [Main ] [cloudsaveop] Files deletion completed for title 'gta5'
[2024-05-02 22:13:54.714] [DISPLAY] [Main ] [cloudsaveop] Swapping updated files in place for title 'gta5'
[2024-05-02 22:13:54.732] [DISPLAY] [Main ] [cloudsaveop] Finished syncing cloud saves for title 'gta5'
[2024-05-02 22:13:55.590] [DISPLAY] [15688] [launcher] Shutdown requested! Forced: false
[2024-05-02 22:13:55.593] [DISPLAY] [Main ] [launcher] StartShutdown - Now in progress
[2024-05-02 22:13:56.675] [DISPLAY] [Main ] [app] Application quit requested (exit code: 0)
[2024-05-02 22:13:56.735] [DISPLAY] [Main ] [svc] Stopping the background service.
