[2024-04-25 17:41:08.163] [DISPLAY] [Main ] [main] Working directory: C:\Program Files\Rockstar Games\Launcher
[2024-04-25 17:41:08.208] [DISPLAY] [Main ] [minmode] Running in Steam mode
[2024-04-25 17:41:08.208] [DISPLAY] [Main ] [minmode] Steam App Id: 271590
[2024-04-25 17:41:08.208] [DISPLAY] [Main ] [minmode] Title Id: 
[2024-04-25 17:41:08.208] [DISPLAY] [Main ] [minmode] Location: D:\SteamLibrary\steamapps\common\Grand Theft Auto V
[2024-04-25 17:41:08.209] [DISPLAY] [Main ] [launcher] Opening log file.
[2024-04-25 17:41:08.217] [DISPLAY] [Main ] [main] Command line: "C:\Program Files\Rockstar Games\Launcher\Launcher.exe" -skipPatcherCheck -steamAppId=271590 -steamLocation "D:\SteamLibrary\steamapps\common\Grand Theft Auto V" @args.txt
[2024-04-25 17:41:08.217] [DISPLAY] [Main ] [main] P4 Version: 
[2024-04-25 17:41:08.217] [DISPLAY] [Main ] [main] RGL Branch: release_03
[2024-04-25 17:41:08.222] [DISPLAY] [Main ] [main] Version: 1.0.88.1929
[2024-04-25 17:41:08.222] [DISPLAY] [Main ] [main] Parameters:
[2024-04-25 17:41:08.222] [DISPLAY] [Main ] [main]     C:\Program Files\Rockstar Games\Launcher\Launcher.exe
[2024-04-25 17:41:08.222] [DISPLAY] [Main ] [main]     -skipPatcherCheck
[2024-04-25 17:41:08.222] [DISPLAY] [Main ] [main]     -steamAppId=271590
[2024-04-25 17:41:08.222] [DISPLAY] [Main ] [main]     -steamLocation
[2024-04-25 17:41:08.222] [DISPLAY] [Main ] [main]     D:\SteamLibrary\steamapps\common\Grand Theft Auto V
[2024-04-25 17:41:08.222] [DISPLAY] [Main ] [main]     @args.txt
[2024-04-25 17:41:08.253] [DISPLAY] [Main ] [titlemanager] Installed titles:
[2024-04-25 17:41:08.253] [DISPLAY] [Main ] [titlemanager]  Title                             Progress               Version              Location                                                    
[2024-04-25 17:41:08.286] [DISPLAY] [Main ] [svc] Service version: 1.0.88.1929 (1.0.88.1929)
[2024-04-25 17:41:09.105] [DISPLAY] [Main ] [fileutils] Version: 2.3.0.7 | 1.0.88.1929 | FFP
[2024-04-25 17:41:09.188] [DISPLAY] [Workr] [selfupdate] Self-update not ready to apply yet.
[2024-04-25 17:41:09.999] [DISPLAY] [bgsvc] [svc] Received response from service.
[2024-04-25 17:41:10.353] [DISPLAY] [Main ] [systemtray] System tray: enabled
[2024-04-25 17:41:10.362] [DISPLAY] [Main ] [launcher] Passed check: majorVersion(10.0.19045) >= 10
[2024-04-25 17:41:10.374] [DISPLAY] [Workr] [idownloader] Starting download of 'https://gamedownloads-rockstargames-com.akamaized.net/public/launcher_online_config.xml'
[2024-04-25 17:41:10.588] [DISPLAY] [Workr] [idownloader] Completed download of 'https://gamedownloads-rockstargames-com.akamaized.net/public/launcher_online_config.xml' (status: 0/200)
[2024-04-25 17:41:10.589] [DISPLAY] [Workr] [titlemanager] Downloading title list...
[2024-04-25 17:41:10.589] [DISPLAY] [Workr] [titlemanager] Downloading default title list (SCS)...
[2024-04-25 17:41:10.589] [DISPLAY] [Workr] [idownloader] Starting download of 'https://rgl-prod.ros.rockstargames.com/launcher/11/LauncherServices/App.asmx/GetDefaultApps?accessToken='
[2024-04-25 17:41:11.367] [DISPLAY] [Workr] [idownloader] Completed download of 'https://rgl-prod.ros.rockstargames.com/launcher/11/LauncherServices/App.asmx/GetDefaultApps?accessToken=' (status: 0/200)
[2024-04-25 17:41:11.368] [DISPLAY] [Workr] [titlemanager] Title list updated.
[2024-04-25 17:41:11.368] [DISPLAY] [Workr] [launcher] Checking for self-update...
[2024-04-25 17:41:11.379] [DISPLAY] [Workr] [statuschecker] Title Rockstar Games Launcher: 224.37 MB / 314.37 MB
[2024-04-25 17:41:11.379] [DISPLAY] [Workr] [selfupdate] Updating launcher...
[2024-04-25 17:41:11.447] [DISPLAY] [Admin] [idownloader] Starting download of 'https://rgl-prod.ros.rockstargames.com/launcher/11/LauncherServices/App.asmx/RetrieveFileChunkNoAuthMulti'
[2024-04-25 17:41:12.232] [DISPLAY] [Admin] [idownloader] Completed download of 'https://rgl-prod.ros.rockstargames.com/launcher/11/LauncherServices/App.asmx/RetrieveFileChunkNoAuthMulti' (status: 0/200)
[2024-04-25 17:41:12.264] [WARNING] [htt10] [chunk] Some data for this chunk was downloaded already, but it's not at the start of a resumable range!  Chunk offset: 0  Data offset: 52428800
[2024-04-25 17:41:12.264] [WARNING] [http2] [chunk] Some data for this chunk was downloaded already, but it's not at the start of a resumable range!  Chunk offset: 104857600  Data offset: 146800640
[2024-04-25 17:41:13.654] [WARNING] [bgsvc] [chunkreceiver] Range failed to write to disk! C:\Program Files\Rockstar Games\Launcher\Redistributables\SocialClub\Social-Club-Setup.exe.swap, offset 20971520 length 10485760 chunk 30573
[2024-04-25 17:41:13.654] [WARNING] [bgsvc] [chunkreceiver] Chunk 30573 (transaction 13) failed to write
[2024-04-25 17:41:13.656] [WARNING] [bgsvc] [chunkreceiver] Range failed to write to disk! C:\Program Files\Rockstar Games\Launcher\Redistributables\SocialClub\Social-Club-Setup.exe.swap, offset 115343360 length 10485760 chunk 30574
[2024-04-25 17:41:13.656] [WARNING] [bgsvc] [chunkreceiver] Chunk 30574 (transaction 14) failed to write
[2024-04-25 17:41:13.658] [WARNING] [Workr] [chunkeddownloader] 2 chunk(s) failed to write.  There are now 0 errored chunks.
[2024-04-25 17:41:13.889] [WARNING] [bgsvc] [chunkreceiver] Range failed to write to disk! C:\Program Files\Rockstar Games\Launcher\Redistributables\SocialClub\Social-Club-Setup.exe.swap, offset 31457280 length 10485760 chunk 30573
[2024-04-25 17:41:13.889] [WARNING] [bgsvc] [chunkreceiver] Chunk 30573 (transaction 15) failed to write
[2024-04-25 17:41:13.896] [WARNING] [Workr] [chunkeddownloader] 1 chunk(s) failed to write.  There are now 0 errored chunks.
[2024-04-25 17:41:14.887] [WARNING] [Workr] [chunkeddownloader] Removing errored chunk 30574 (Social-Club-Setup.exe.swap 104857600). There are now 1 errored chunks.
[2024-04-25 17:41:15.925] [WARNING] [Workr] [chunkeddownloader] Removing errored chunk 30573 (Social-Club-Setup.exe.swap 0). There are now 2 errored chunks.
[2024-04-25 17:41:18.934] [DISPLAY] [Workr] [chunkeddownloader] Attempting to retry chunks that failed to download (1 / 5, 147.58 MB)...
[2024-04-25 17:41:22.941] [DISPLAY] [Workr] [downloadprogress] Dl: D|278030304|11|4|0|0
[2024-04-25 17:41:22.987] [ ERROR ] [Workr] [titleupdater] Update of Rockstar Games Launcher failed.
[2024-04-25 17:41:22.988] [ ERROR ] [Workr] [error] ************************************************************************
[2024-04-25 17:41:22.988] [ ERROR ] [Workr] [error] * Setting error condition
[2024-04-25 17:41:22.988] [ ERROR ] [Workr] [error] * Category:  1   (ERROR_CATEGORY_LAUNCHER)
[2024-04-25 17:41:22.988] [ ERROR ] [Workr] [error] * Code:      129 (0x81)
[2024-04-25 17:41:22.988] [ ERROR ] [Workr] [error] * Extra:     unknown
[2024-04-25 17:41:22.988] [ ERROR ] [Workr] [error] * Localised: Error al actualizar Rockstar Games Launcher (code unknown). Si continúas viendo este mensaje, contacta al servicio de soporte al cliente de Rockstar Games en https://support.rockstargames.com/mx/.
[2024-04-25 17:41:22.988] [ ERROR ] [Workr] [error] ************************************************************************
[2024-04-25 17:41:22.988] [ ERROR ] [Workr] [launcher] Displaying error message: Error al actualizar Rockstar Games Launcher (code unknown). Si continúas viendo este mensaje, contacta al servicio de soporte al cliente de Rockstar Games en https://support.rockstargames.com/mx/.
[2024-04-25 17:41:45.259] [DISPLAY] [Workr] [launcher] No self-update, continuing.
[2024-04-25 17:41:45.259] [DISPLAY] [Workr] [launcher] Checking for prerequisite updates...
[2024-04-25 17:41:45.271] [DISPLAY] [Workr] [fileutils] Unable to get file version info size for C:\Program Files\Rockstar Games\Launcher\Redistributables\SocialClub\Social-Club-Setup.exe
[2024-04-25 17:41:45.271] [ ERROR ] [Workr] [sctitle] Unable to get Social Club installer version from C:\Program Files\Rockstar Games\Launcher\Redistributables\SocialClub\Social-Club-Setup.exe
[2024-04-25 17:41:45.272] [DISPLAY] [Workr] [titleupdater] Installing prerequisites for title launcher
[2024-04-25 17:41:45.272] [WARNING] [Workr] [preqmanager] Prerequisite not found: C:\Program Files\Rockstar Games\Launcher\Redistributables\SocialClub\Social-Club-Setup.exe
[2024-04-25 17:41:45.374] [ ERROR ] [Workr] [launcher] Unable to install prerequisites!
[2024-04-25 17:41:45.374] [DISPLAY] [Workr] [launcher] Checking minimum SDK requirement
[2024-04-25 17:41:45.413] [DISPLAY] [Workr] [launcher] Completed Social Club Pre-initialization tasks
[2024-04-25 17:41:48.661] [DISPLAY] [Main ] [launcher] Social Club UI has started.
[2024-04-25 17:41:48.664] [DISPLAY] [Main ] [external] Notifying Social Club UI about external launch...
[2024-04-25 17:41:48.676] [DISPLAY] [Admin] [external] Setting up Steam title...
[2024-04-25 17:41:48.677] [DISPLAY] [Admin] [metadatamanager] Read external Steam metadata: gta5
[2024-04-25 17:41:48.678] [DISPLAY] [Admin] [external] Ready to attempt a launch.
[2024-04-25 17:41:53.793] [DISPLAY] [Main ] [launcher] Presence Event - Signed In
[2024-04-25 17:41:53.793] [DISPLAY] [Main ] [launcher] User 'xleftx1' is now signed in
[2024-04-25 17:41:53.877] [DISPLAY] [Main ] [launcher] Presence Event :: Went Online
[2024-04-25 17:41:53.877] [DISPLAY] [Main ] [external] Preparing to update/launch...
[2024-04-25 17:41:53.877] [DISPLAY] [Admin] [titlemanager] Downloading title list...
[2024-04-25 17:41:53.877] [DISPLAY] [Admin] [titlemanager] Downloading title list (SCS)...
[2024-04-25 17:41:53.878] [DISPLAY] [Main ] [launcher] Time to start up: 45823 ms
[2024-04-25 17:41:53.884] [DISPLAY] [Main ] [ui_mainwindow] Using DPI 96,96
[2024-04-25 17:41:53.884] [DISPLAY] [Main ] [ui_mainwindow] Using UI Scale: 1.00
[2024-04-25 17:41:53.887] [DISPLAY] [Main ] [ui_mainwindow] Using saved geometry: 160,130 (1280 x 600)
[2024-04-25 17:41:53.920] [DISPLAY] [Main ] [systemtray] System tray: enabled
[2024-04-25 17:41:54.051] [DISPLAY] [Main ] [scuicallbacks] Enabling Downloading
[2024-04-25 17:41:54.103] [DISPLAY] [Main ] [launcher] Friend Event - Friends are Available
[2024-04-25 17:41:54.389] [DISPLAY] [Main ] [scuicallbacks] Setting updated
[2024-04-25 17:41:54.389] [DISPLAY] [Main ] [scuicallbacks] Launch requested
[2024-04-25 17:41:54.389] [DISPLAY] [Main ] [scuicallbacks] Launch requested by user: gta5, 
[2024-04-25 17:41:54.389] [DISPLAY] [Main ] [external] Attempting external title launch...
[2024-04-25 17:41:54.998] [DISPLAY] [Admin] [titlemanager] Title list updated.
[2024-04-25 17:41:55.000] [DISPLAY] [Admin] [external] Ready to attempt a launch.
[2024-04-25 17:41:55.000] [DISPLAY] [Admin] [external] Attempting Steam launch. User is 'XleftX'
[2024-04-25 17:41:58.354] [DISPLAY] [17160] [gamelaunch] RGL is up to date (current: 1.0.88.1929, minimum: 1.0.26.268)
[2024-04-25 17:41:58.357] [DISPLAY] [17160] [gamelaunch] Grand Theft Auto V is up to date (current: 1.0.3179.0, minimum: 1.0.1868.0)
[2024-04-25 17:42:01.569] [DISPLAY] [Main ] [cloudsaveop] Cloud Save sync requested for title 'gta5'
[2024-04-25 17:42:01.586] [DISPLAY] [Main ] [cloudsaveop] Starting cloud save enabled check for title 'gta5'
[2024-04-25 17:42:01.588] [DISPLAY] [Main ] [cloudsaveop] Received cloud saves enabled state for title 'gta5' = enabled
[2024-04-25 17:42:01.588] [DISPLAY] [Main ] [cloudsaveop] Identifying potential cloud save conflicts for title 'gta5'
[2024-04-25 17:42:02.401] [DISPLAY] [Main ] [cloudsaveop] Received modification list of cloud save files for title 'gta5'
[2024-04-25 17:42:02.401] [DISPLAY] [Main ] [cloudsaveop] Retrieving conflict metadata for title 'gta5'
[2024-04-25 17:42:02.418] [DISPLAY] [Main ] [cloudsaveop] Downloaded conflict metadata for title 'gta5'
[2024-04-25 17:42:02.418] [DISPLAY] [Main ] [cloudsaveop] Posting updated files for title 'gta5'
[2024-04-25 17:42:02.435] [DISPLAY] [Main ] [cloudsaveop] File uploading completed for title 'gta5'
[2024-04-25 17:42:02.435] [DISPLAY] [Main ] [cloudsaveop] Getting update files for title 'gta5'
[2024-04-25 17:42:02.452] [DISPLAY] [Main ] [cloudsaveop] File downloading completed for title 'gta5'
[2024-04-25 17:42:02.452] [DISPLAY] [Main ] [cloudsaveop] Deleting updated files for title 'gta5'
[2024-04-25 17:42:02.469] [DISPLAY] [Main ] [cloudsaveop] Files deletion completed for title 'gta5'
[2024-04-25 17:42:02.469] [DISPLAY] [Main ] [cloudsaveop] Swapping updated files in place for title 'gta5'
[2024-04-25 17:42:02.487] [DISPLAY] [Main ] [cloudsaveop] Finished syncing cloud saves for title 'gta5'
[2024-04-25 17:42:02.547] [DISPLAY] [net2 ] [audio] Valid Audio Device: true
[2024-04-25 17:42:03.687] [DISPLAY] [17160] [gamelaunch] Launching game...
[2024-04-25 17:42:03.687] [DISPLAY] [17160] [gamelaunch]  Path: D:\SteamLibrary\steamapps\common\Grand Theft Auto V\GTA5.exe
[2024-04-25 17:42:03.687] [DISPLAY] [17160] [gamelaunch]  Command Line: "D:\SteamLibrary\steamapps\common\Grand Theft Auto V\GTA5.exe" -skipPatcherCheck -steamLocation "D:\SteamLibrary\steamapps\common\Grand Theft Auto V" @args.txt @commandline.txt -enableCrashpad -useSteam -steamAppId=271590 -scCommerceProvider=4
[2024-04-25 17:42:03.687] [DISPLAY] [17160] [gamelaunch]  Working Directory: D:\SteamLibrary\steamapps\common\Grand Theft Auto V
[2024-04-25 18:41:10.606] [DISPLAY] [Admin] [idownloader] Starting download of 'https://gamedownloads-rockstargames-com.akamaized.net/public/launcher_online_config.xml'
[2024-04-25 18:41:11.168] [DISPLAY] [Admin] [idownloader] Completed download of 'https://gamedownloads-rockstargames-com.akamaized.net/public/launcher_online_config.xml' (status: 0/200)
[2024-04-25 19:41:11.209] [DISPLAY] [Admin] [idownloader] Starting download of 'https://gamedownloads-rockstargames-com.akamaized.net/public/launcher_online_config.xml'
[2024-04-25 19:41:11.789] [DISPLAY] [Admin] [idownloader] Completed download of 'https://gamedownloads-rockstargames-com.akamaized.net/public/launcher_online_config.xml' (status: 0/200)
[2024-04-25 20:24:23.297] [DISPLAY] [17160] [gamelaunch] Game exited with code 0x0 (0)
[2024-04-25 20:24:23.298] [DISPLAY] [17160] [crashdetection] Game left no exit file.
[2024-04-25 20:24:23.298] [DISPLAY] [17160] [crashdetection] Exit code 0x0 indicates a clean game shutdown
[2024-04-25 20:24:23.331] [DISPLAY] [Main ] [cloudsaveop] Cloud Save sync requested for title 'gta5'
[2024-04-25 20:24:23.348] [DISPLAY] [Main ] [cloudsaveop] Starting cloud save enabled check for title 'gta5'
[2024-04-25 20:24:23.350] [DISPLAY] [Main ] [cloudsaveop] Received cloud saves enabled state for title 'gta5' = enabled
[2024-04-25 20:24:23.350] [DISPLAY] [Main ] [cloudsaveop] Title access token was missing or expired, refreshing access for title 'gta5'
[2024-04-25 20:24:23.350] [DISPLAY] [Main ] [cloudsaveop] Retrieving access token for title 'gta5' (11)
[2024-04-25 20:24:24.436] [DISPLAY] [Main ] [cloudsaveop] Identifying potential cloud save conflicts for title 'gta5'
[2024-04-25 20:24:25.305] [DISPLAY] [Main ] [cloudsaveop] Received modification list of cloud save files for title 'gta5'
[2024-04-25 20:24:25.305] [DISPLAY] [Main ] [cloudsaveop] Retrieving conflict metadata for title 'gta5'
[2024-04-25 20:24:25.322] [DISPLAY] [Main ] [cloudsaveop] Downloaded conflict metadata for title 'gta5'
[2024-04-25 20:24:25.322] [DISPLAY] [Main ] [cloudsaveop] Posting updated files for title 'gta5'
[2024-04-25 20:24:25.339] [DISPLAY] [Main ] [cloudsaveop] File uploading completed for title 'gta5'
[2024-04-25 20:24:25.339] [DISPLAY] [Main ] [cloudsaveop] Getting update files for title 'gta5'
[2024-04-25 20:24:25.356] [DISPLAY] [Main ] [cloudsaveop] File downloading completed for title 'gta5'
[2024-04-25 20:24:25.356] [DISPLAY] [Main ] [cloudsaveop] Deleting updated files for title 'gta5'
[2024-04-25 20:24:25.373] [DISPLAY] [Main ] [cloudsaveop] Files deletion completed for title 'gta5'
[2024-04-25 20:24:25.373] [DISPLAY] [Main ] [cloudsaveop] Swapping updated files in place for title 'gta5'
[2024-04-25 20:24:25.391] [DISPLAY] [Main ] [cloudsaveop] Finished syncing cloud saves for title 'gta5'
[2024-04-25 20:24:26.256] [DISPLAY] [17160] [launcher] Shutdown requested! Forced: false
[2024-04-25 20:24:26.260] [DISPLAY] [Main ] [launcher] StartShutdown - Now in progress
[2024-04-25 20:24:26.261] [DISPLAY] [Main ] [svc] Stopping the background service.
[2024-04-25 20:24:28.151] [DISPLAY] [Main ] [app] Application quit requested (exit code: 0)
