[2023-10-01 17:40:50.402] [DISPLAY] [Main ] [sysinfo] OS Version: Major: 10 Minor: 0 Build: 19045 Service Pack: 
[2023-10-01 17:40:50.416] [DISPLAY] [Main ] [sysinfo] OS Version: Major: 10 Minor: 0 Build: 19045 Service Pack: 
[2023-10-01 17:40:50.427] [DISPLAY] [Main ] [main] Working directory: C:\Program Files\Rockstar Games\Launcher
[2023-10-01 17:40:50.455] [DISPLAY] [Main ] [minmode] Running in Steam mode
[2023-10-01 17:40:50.455] [DISPLAY] [Main ] [minmode] Steam App Id: 271590
[2023-10-01 17:40:50.455] [DISPLAY] [Main ] [minmode] Title Id: gta5
[2023-10-01 17:40:50.455] [DISPLAY] [Main ] [minmode] Location: D:\SteamLibrary\steamapps\common\Grand Theft Auto V
[2023-10-01 17:40:50.455] [DISPLAY] [Main ] [launcher] Opening log file.
[2023-10-01 17:40:50.462] [DISPLAY] [Main ] [main] Command line: "C:\Program Files\Rockstar Games\Launcher\Launcher.exe" -skipPatcherCheck -steamAppId=271590 @args.txt
[2023-10-01 17:40:50.462] [DISPLAY] [Main ] [main] Build type: FMB
[2023-10-01 17:40:50.462] [DISPLAY] [Main ] [main] Version: 1.0.78.1620
[2023-10-01 17:40:50.462] [DISPLAY] [Main ] [main] Parameters:
[2023-10-01 17:40:50.462] [DISPLAY] [Main ] [main]     C:\Program Files\Rockstar Games\Launcher\Launcher.exe
[2023-10-01 17:40:50.462] [DISPLAY] [Main ] [main]     -skipPatcherCheck
[2023-10-01 17:40:50.462] [DISPLAY] [Main ] [main]     -steamAppId=271590
[2023-10-01 17:40:50.462] [DISPLAY] [Main ] [main]     @args.txt
[2023-10-01 17:40:50.491] [DISPLAY] [Main ] [titlemanager] Installed titles:
[2023-10-01 17:40:50.491] [DISPLAY] [Main ] [titlemanager]  Title                             Progress               Version              Location                                                    
[2023-10-01 17:40:50.502] [DISPLAY] [Main ] [svc] Service version: 1.0.78.1620 (1.0.78.1620)
[2023-10-01 17:40:50.635] [DISPLAY] [Main ] [fileutils] Version: 2.2.0.6 | 1.0.78.1620 | FFP
[2023-10-01 17:40:50.674] [DISPLAY] [Workr] [selfupdate] Up-to-date.
[2023-10-01 17:40:50.887] [DISPLAY] [Main ] [systemtray] System tray: enabled
[2023-10-01 17:40:51.065] [DISPLAY] [bgsvc] [svc] Received response from service.
[2023-10-01 17:40:51.093] [DISPLAY] [Workr] [idownloader] Starting download of 'https://gamedownloads-rockstargames-com.akamaized.net/public/launcher_online_config.xml'
[2023-10-01 17:40:51.282] [DISPLAY] [Workr] [idownloader] Completed download of 'https://gamedownloads-rockstargames-com.akamaized.net/public/launcher_online_config.xml' (status: 0/200)
[2023-10-01 17:40:51.282] [DISPLAY] [Workr] [titlemanager] Downloading title list...
[2023-10-01 17:40:51.282] [DISPLAY] [Workr] [titlemanager] Skipping title metadata download as it is available and less old (59 minutes) than the refresh delay (60 minutes).
[2023-10-01 17:40:51.282] [DISPLAY] [Workr] [titlemanager] Downloading default title list (SCS)...
[2023-10-01 17:40:51.282] [DISPLAY] [Workr] [idownloader] Starting download of 'https://rgl-prod.ros.rockstargames.com/launcher/11/LauncherServices/App.asmx/GetDefaultApps?accessToken='
[2023-10-01 17:40:52.084] [DISPLAY] [Workr] [idownloader] Completed download of 'https://rgl-prod.ros.rockstargames.com/launcher/11/LauncherServices/App.asmx/GetDefaultApps?accessToken=' (status: 0/200)
[2023-10-01 17:40:52.084] [DISPLAY] [Workr] [titlemanager] Title list updated.
[2023-10-01 17:40:52.084] [DISPLAY] [Workr] [launcher] Checking for self-update...
[2023-10-01 17:40:52.091] [DISPLAY] [Workr] [statuschecker] Title Rockstar Games Launcher: No update
[2023-10-01 17:40:52.103] [DISPLAY] [Workr] [launcher] No self-update, continuing.
[2023-10-01 17:40:52.103] [DISPLAY] [Workr] [launcher] Checking for prerequisite updates...
[2023-10-01 17:40:52.107] [DISPLAY] [Workr] [preqmanager] The Social Club version available matches that currently installed (both: 2.2.0.6)
[2023-10-01 17:40:52.107] [DISPLAY] [Workr] [titleupdater] No prerequisites to install.
[2023-10-01 17:40:53.686] [DISPLAY] [Main ] [launcher] Social Club UI has started.
[2023-10-01 17:40:53.689] [DISPLAY] [Main ] [external] Notifying Social Club UI about external launch...
[2023-10-01 17:40:53.689] [DISPLAY] [Admin] [external] Setting up Steam title...
[2023-10-01 17:40:53.689] [DISPLAY] [Admin] [titlemanager] Skipping title metadata download as it is available and less old (59 minutes) than the refresh delay (60 minutes).
[2023-10-01 17:40:53.689] [DISPLAY] [Admin] [external] Ready to attempt a launch.
[2023-10-01 17:40:56.219] [DISPLAY] [Main ] [launcher] Presence Event - Signed In
[2023-10-01 17:40:56.219] [DISPLAY] [Main ] [launcher] User 'xleftx1' is now signed in
[2023-10-01 17:40:56.263] [DISPLAY] [Main ] [launcher] Presence Event :: Went Online
[2023-10-01 17:40:56.263] [DISPLAY] [Main ] [external] Preparing to update/launch...
[2023-10-01 17:40:56.263] [DISPLAY] [Admin] [titlemanager] Downloading title list...
[2023-10-01 17:40:56.263] [DISPLAY] [Admin] [titlemanager] Skipping title metadata download as it is available and less old (59 minutes) than the refresh delay (60 minutes).
[2023-10-01 17:40:56.263] [DISPLAY] [Admin] [titlemanager] Downloading title list (SCS)...
[2023-10-01 17:40:56.264] [DISPLAY] [Main ] [launcher] Time to start up: 5926 ms
[2023-10-01 17:40:56.269] [DISPLAY] [Main ] [ui_mainwindow] Using DPI 96,96
[2023-10-01 17:40:56.269] [DISPLAY] [Main ] [ui_mainwindow] Using UI Scale: 1.00
[2023-10-01 17:40:56.270] [DISPLAY] [Main ] [ui_mainwindow] Using saved geometry: 160,130 (1280 x 600)
[2023-10-01 17:40:56.289] [DISPLAY] [Main ] [systemtray] System tray: enabled
[2023-10-01 17:40:56.304] [DISPLAY] [Main ] [scuicallbacks] Enabling Downloading
[2023-10-01 17:40:56.406] [DISPLAY] [Main ] [launcher] Friend Event - Friends are Available
[2023-10-01 17:40:56.780] [DISPLAY] [Main ] [scuicallbacks] Setting updated
[2023-10-01 17:40:56.780] [DISPLAY] [Main ] [scuicallbacks] Launch requested
[2023-10-01 17:40:56.780] [DISPLAY] [Main ] [scuicallbacks] Launch requested by user: gta5, 
[2023-10-01 17:40:56.780] [DISPLAY] [Main ] [external] Attempting external title launch...
[2023-10-01 17:40:57.216] [DISPLAY] [Admin] [titlemanager] Title list updated.
[2023-10-01 17:40:57.217] [DISPLAY] [Admin] [external] Ready to attempt a launch.
[2023-10-01 17:40:57.217] [DISPLAY] [Admin] [external] Attempting Steam launch. User is 'XleftX'
[2023-10-01 17:40:59.490] [DISPLAY] [16416] [gamelaunch] RGL is up to date (current: 1.0.78.1620, minimum: 1.0.33.319)
[2023-10-01 17:40:59.492] [DISPLAY] [16416] [gamelaunch] Grand Theft Auto V is up to date (current: 1.0.2944.0, minimum: 1.0.2060.0)
[2023-10-01 17:41:01.607] [DISPLAY] [Main ] [cloudsaveop] Cloud Save sync requested for title 'gta5'
[2023-10-01 17:41:01.624] [DISPLAY] [Main ] [cloudsaveop] Starting cloud save enabled check for title 'gta5'
[2023-10-01 17:41:01.626] [DISPLAY] [Main ] [cloudsaveop] Received cloud saves enabled state for title 'gta5' = enabled
[2023-10-01 17:41:01.626] [DISPLAY] [Main ] [cloudsaveop] Identifying potential cloud save conflicts for title 'gta5'
[2023-10-01 17:41:02.423] [DISPLAY] [Main ] [cloudsaveop] Received modification list of cloud save files for title 'gta5'
[2023-10-01 17:41:02.423] [DISPLAY] [Main ] [cloudsaveop] Retrieving conflict metadata for title 'gta5'
[2023-10-01 17:41:02.440] [DISPLAY] [Main ] [cloudsaveop] Downloaded conflict metadata for title 'gta5'
[2023-10-01 17:41:02.440] [DISPLAY] [Main ] [cloudsaveop] Posting updated files for title 'gta5'
[2023-10-01 17:41:02.457] [DISPLAY] [Main ] [cloudsaveop] File uploading completed for title 'gta5'
[2023-10-01 17:41:02.457] [DISPLAY] [Main ] [cloudsaveop] Getting update files for title 'gta5'
[2023-10-01 17:41:02.475] [DISPLAY] [Main ] [cloudsaveop] File downloading completed for title 'gta5'
[2023-10-01 17:41:02.475] [DISPLAY] [Main ] [cloudsaveop] Deleting updated files for title 'gta5'
[2023-10-01 17:41:02.492] [DISPLAY] [Main ] [cloudsaveop] Files deletion completed for title 'gta5'
[2023-10-01 17:41:02.492] [DISPLAY] [Main ] [cloudsaveop] Swapping updated files in place for title 'gta5'
[2023-10-01 17:41:02.510] [DISPLAY] [Main ] [cloudsaveop] Finished syncing cloud saves for title 'gta5'
[2023-10-01 17:41:02.556] [DISPLAY] [net2 ] [audio] Valid Audio Device: true
[2023-10-01 17:41:03.665] [DISPLAY] [16416] [gamelaunch] Launching game...
[2023-10-01 17:41:03.665] [DISPLAY] [16416] [gamelaunch]  Path: D:\SteamLibrary\steamapps\common\Grand Theft Auto V\GTA5.exe
[2023-10-01 17:41:03.665] [DISPLAY] [16416] [gamelaunch]  Command Line: "D:\SteamLibrary\steamapps\common\Grand Theft Auto V\GTA5.exe" -skipPatcherCheck @args.txt @commandline.txt -enableCrashpad -useSteam -steamAppId=271590 -scCommerceProvider=4
[2023-10-01 17:41:03.665] [DISPLAY] [16416] [gamelaunch]  Working Directory: D:\SteamLibrary\steamapps\common\Grand Theft Auto V
[2023-10-01 18:40:51.286] [DISPLAY] [Admin] [idownloader] Starting download of 'https://gamedownloads-rockstargames-com.akamaized.net/public/launcher_online_config.xml'
[2023-10-01 18:40:51.831] [DISPLAY] [Admin] [idownloader] Completed download of 'https://gamedownloads-rockstargames-com.akamaized.net/public/launcher_online_config.xml' (status: 0/200)
[2023-10-01 19:21:19.690] [DISPLAY] [16416] [gamelaunch] Game exited with code 0x0 (0)
[2023-10-01 19:21:19.691] [DISPLAY] [16416] [crashdetection] Game left no exit file.
[2023-10-01 19:21:19.691] [DISPLAY] [16416] [crashdetection] Exit code 0x0 indicates a clean game shutdown
[2023-10-01 19:21:19.745] [DISPLAY] [Main ] [cloudsaveop] Cloud Save sync requested for title 'gta5'
[2023-10-01 19:21:19.762] [DISPLAY] [Main ] [cloudsaveop] Starting cloud save enabled check for title 'gta5'
[2023-10-01 19:21:19.764] [DISPLAY] [Main ] [cloudsaveop] Received cloud saves enabled state for title 'gta5' = enabled
[2023-10-01 19:21:19.764] [DISPLAY] [Main ] [cloudsaveop] Title access token was missing or expired, refreshing access for title 'gta5'
[2023-10-01 19:21:19.764] [DISPLAY] [Main ] [cloudsaveop] Retrieving access token for title 'gta5' (11)
[2023-10-01 19:21:20.596] [DISPLAY] [Main ] [cloudsaveop] Identifying potential cloud save conflicts for title 'gta5'
[2023-10-01 19:21:21.429] [DISPLAY] [Main ] [cloudsaveop] Received modification list of cloud save files for title 'gta5'
[2023-10-01 19:21:21.429] [DISPLAY] [Main ] [cloudsaveop] Retrieving conflict metadata for title 'gta5'
[2023-10-01 19:21:21.446] [DISPLAY] [Main ] [cloudsaveop] Downloaded conflict metadata for title 'gta5'
[2023-10-01 19:21:21.446] [DISPLAY] [Main ] [cloudsaveop] Posting updated files for title 'gta5'
[2023-10-01 19:21:21.463] [DISPLAY] [Main ] [cloudsaveop] File uploading completed for title 'gta5'
[2023-10-01 19:21:21.463] [DISPLAY] [Main ] [cloudsaveop] Getting update files for title 'gta5'
[2023-10-01 19:21:21.480] [DISPLAY] [Main ] [cloudsaveop] File downloading completed for title 'gta5'
[2023-10-01 19:21:21.480] [DISPLAY] [Main ] [cloudsaveop] Deleting updated files for title 'gta5'
[2023-10-01 19:21:21.497] [DISPLAY] [Main ] [cloudsaveop] Files deletion completed for title 'gta5'
[2023-10-01 19:21:21.497] [DISPLAY] [Main ] [cloudsaveop] Swapping updated files in place for title 'gta5'
[2023-10-01 19:21:21.515] [DISPLAY] [Main ] [cloudsaveop] Finished syncing cloud saves for title 'gta5'
[2023-10-01 19:21:22.381] [DISPLAY] [16416] [launcher] Shutdown requested! Forced: false
[2023-10-01 19:21:22.399] [DISPLAY] [Main ] [launcher] StartShutdown - Now in progress
[2023-10-01 19:21:23.456] [DISPLAY] [Main ] [app] Application quit requested (exit code: 0)
[2023-10-01 19:21:23.506] [DISPLAY] [Main ] [svc] Stopping the background service.
